[www.zoomcar.com/index.html]
[backblue.gif]
[fade.gif]
[index.html]
[www.zoomcar.com/build/img/logo.f0c7a9744cfeb3fb5c90eafda61dd2ce.svg]
[www.zoomcar.com/build/img/favicon.d917d618529f3ffdf883e3b847e516df.png]
[www.zoomcar.com/build/app.b5f99cfa1fcb7ba6bf0f64e324069da6.css]
[www.zoomcar.com/build/vendor.63d51672afe516c8ab60.js]
[www.zoomcar.com/build/app.24de8fb02f7f4f7133cf.js]
[www.zoomcar.com/ak.m]
[www.zoomcar.com/ak.t]
[www.zoomcar.com/blog/index.html]
[www.zoomcar.com/build/img/intro_bg.59b15d84c75cf310e76cc40155b90dc6.jpg]
[www.zoomcar.com/build/img/color-logo.f8af0af350b2f675a31a558fad8391df.svg]
[www.zoomcar.com/search.html]
[www.zoomcar.com/build/img/advantages_sprite.ae2a3344a7d5e65b0bd8f7c828e1bf3d.svg]
[www.zoomcar.com/build/img/supermiler_logo.03d80d443b6753b6827f98ccf6ab30da.svg]
[www.zoomcar.com/build/img/supermilers_sprite.099c3b4c889e2f09691cb1d98215897e.svg]
[www.zoomcar.com/loyalty.html]
[www.zoomcar.com/build/img/car_bg.9876fe054a2220e5a5cc8c5746991926.jpg]
[s3-ap-southeast-1.amazonaws.com/zoomcar/photos/profile/6b6cc7b58544ce9d560829f482fbd77916ce3ba200d3.png]
[s3-ap-southeast-1.amazonaws.com/zoomcar/photos/profile/46c8981ab67fb24d18d18fc49abd84b534cd0d56389c.png]
[www.zoomcar.com/build/img/book.f804056bb2429eeabf95836bdf8865e1.svg]
[www.zoomcar.com/build/img/dl.99966c7703663379725f13d45663b372.svg]
[www.zoomcar.com/build/img/unlock.0dda8a38a08738d2384ec1230998423a.png]
[www.zoomcar.com/build/img/zoom.db4f328f3f4b83596bb3f2aefd04a864.svg]
[www.zoomcar.com/build/img/return.c50e35f6ae4b2891e95c121082d968f0.svg]
[www.zoomcar.com/build/img/app_bg.daa074b25be54e8df493f629f6a10f61.jpg]
[www.zoomcar.com/build/img/steering-wheel.121c23ffa50aa2da7a1e1f829048dd90.svg]
[www.zoomcar.com/build/img/happy.c650409b5435456374eca19943b697f0.svg]
[www.zoomcar.com/build/img/kms.4dc69060e383492afc70514e93ca766c.svg]
[www.zoomcar.com/build/img/cars.fcc55acb001edaad3d14055517a1e1b4.svg]
[www.zoomcar.com/build/img/star_rating.5999c91406d9adad8f35df39ef055ec5.svg]
[www.zoomcar.com/build/img/testimonial_bg.499d1dd2876b931e9cf0509e3d1884f5.jpg]
[www.zoomcar.com/build/img/quotation.577e70bf4479f87726e9b62c3afe8be0.png]
[www.zoomcar.com/build/img/The-Business-Line.9582c9ea4e5e6aecf56ef79523b2bd57.png]
[www.zoomcar.com/build/img/LiveMint.4c531c8198f15ebe7517db4444086199.png]
[www.zoomcar.com/build/img/ET-Brand-Equity.120c0a2cd6c7da8179d9f13db35b9e42.png]
[www.zoomcar.com/build/img/CNBC.a1adc56311cc01301a8efe1440baedb7.png]
[www.zoomcar.com/build/img/press.3334bff95770ee5c4c662186f7f6c49f.png]
[www.zoomcar.com/build/img/ET-Now.a6b70adda75bad5b0ca8f5d6ad58e472.png]
[www.zoomcar.com/howitworks.html]
[www.zoomcar.com/build/img/zc-works.2adcbe18edb84c7c1fdf0c8d6c894f8b.svg]
[www.zoomcar.com/policy.html]
[www.zoomcar.com/build/img/policies.ceddb15a4eef16af85ba8666b1522741.svg]
[www.zoomcar.com/faq.html]
[www.zoomcar.com/build/img/help-support.acf244c0683e201bd2d978f1ddc5d33d.svg]
[www.zoomcar.com/safety.html]
[www.zoomcar.com/build/img/safety.127607759cd86e3d75f5698a641d5b83.svg]
[www.zoomcar.com/about.html]
[www.zoomcar.com/zap/subscribe.html]
[www.zoomcar.com/careers.html]
[www.zoomcar.com/location.html]
[www.zoomcar.com/bangalore/index.html]
[www.zoomcar.com/pune/index.html]
[www.zoomcar.com/delhi/index.html]
[www.zoomcar.com/mumbai/index.html]
[www.zoomcar.com/chennai/index.html]
[www.zoomcar.com/hyderabad/index.html]
[www.zoomcar.com/chandigarh/index.html]
[www.zoomcar.com/kolkata/index.html]
[www.zoomcar.com/ahmedabad/index.html]
[www.zoomcar.com/coimbatore/index.html]
[www.zoomcar.com/indore/index.html]
[www.zoomcar.com/jaipur/index.html]
[www.zoomcar.com/ludhiana/index.html]
[www.zoomcar.com/mangalore/index.html]
[www.zoomcar.com/mysore/index.html]
[www.zoomcar.com/bangalore/airport-taxi-service.html]
[www.zoomcar.com/vizag/index.html]
[www.zoomcar.com/pune/airport-taxi-service.html]
[www.zoomcar.com/nagpur/index.html]
[www.zoomcar.com/kochi/index.html]
[www.zoomcar.com/udaipur/index.html]
[www.zoomcar.com/vijayawada/index.html]
[www.zoomcar.com/delhi/airport-taxi-service.html]
[www.zoomcar.com/surat/index.html]
[www.zoomcar.com/siliguri/index.html]
[www.zoomcar.com/mumbai/airport-taxi-service.html]
[www.zoomcar.com/lucknow/index.html]
[www.zoomcar.com/guwahati/index.html]
[www.zoomcar.com/bhubaneswar/index.html]
[www.zoomcar.com/chennai/airport-taxi-service.html]
[www.zoomcar.com/hassan/index.html]
[www.zoomcar.com/vadodara/index.html]
[www.zoomcar.com/trivandrum/index.html]
[www.zoomcar.com/hyderabad/airport-taxi-service.html]
[www.zoomcar.com/chandigarh/airport-taxi-service.html]
[www.zoomcar.com/kolkata/airport-taxi-service.html]
[www.zoomcar.com/ahmedabad/airport-taxi-service.html]
[www.zoomcar.com/coimbatore/airport-taxi-service.html]
[www.zoomcar.com/indore/airport-taxi-service.html]
[www.zoomcar.com/jaipur/airport-taxi-service.html]
[www.zoomcar.com/vizag/airport-taxi-service.html]
[www.zoomcar.com/udaipur/airport-taxi-service.html]
[www.zoomcar.com/lucknow/airport-taxi-service.html]
[www.zoomcar.com/guwahati/airport-taxi-service.html]
[www.zoomcar.com/build/img/FB.71c8c954ebf0a73be3a2fa723bd62747.svg]
[www.zoomcar.com/build/img/Twitter_2.1fcd40979beb7132d30c04e19c76deab.svg]
[www.zoomcar.com/build/img/Insta.aa7386bfed43a8acf0551e8c276b559f.svg]
[www.zoomcar.com/build/img/Youtube.44df3b5bfd3ac80cf0d292928e29dd89.svg]
[www.zoomcar.com/build/img/Blog_2.d0a034e8ec8e3ba6897a6d3b3de13e27.svg]
[www.zoomcar.com/build/img/LinkdIn.660ed09532750dce008ff1d3543e3d0d.svg]
[www.zoomcar.com/index.html]
[www.zoomcar.com/build/img/logo.f0c7a9744cfeb3fb5c90eafda61dd2ce.svg]
[www.zoomcar.com/build/img/play-store.82a3d4a21018a81138e2b3e12e6e19c2.svg]
[www.zoomcar.com/build/img/apple_store.cbda066c1940c0e1fefcd7be736a24f1.svg]
[www.zoomcar.com/build/img/logo-black.9c208791d55bfaea62d47b83808864f0.svg]
[www.zoomcar.com/build/img/amigo.c1664f245e6ed332c9539f34bfacc354.png]
[www.zoomcar.com/build/img/zms-logo.41d8120a7de991190abc45779aad5d82.png]
[www.zoomcar.com/build/img/google_play.238b318d8ac107d46226f4c40f3aae9b.png]
[www.zoomcar.com/build/img/apple_store.958abff9e074193ff35f2aa40e13cb98.png]
[www.zoomcar.com/build/img/your-story.ea3aaf58b49d9cf09413b57ac5b56dd4.png]
[www.zoomcar.com/build/img/tick.5610fe72cd845b7c90586247d1530a98.svg]
[www.zoomcar.com/build/app.b5f99cfa1fcb7ba6bf0f64e324069da6.css]
[www.zoomcar.com/blog/comments/feed/index.html]
[www.zoomcar.com/blog/feed/index.html]
[www.zoomcar.com/blog/wp-content/cache/wpfc-minified/c700ee197b3cec5c64def81552533794/1590511726index.css]
[maxcdn.bootstrapcdn.com/font-awesome/4.6.3/css/font-awesome.min4698.css]
[www.zoomcar.com/blog/wp-content/cache/wpfc-minified/7a4714bb3fbacfff29a268d20a3adf90/1584509828index.css]
[www.zoomcar.com/blog/wp-content/cache/wpfc-minified/31ebefb6b703679d1fb73b59839886d0/1584433315index.css]
[www.zoomcar.com/blog/wp-content/cache/wpfc-minified/6e0099cce41552d00ab85e99234c0989/1584433713index.css]
[www.zoomcar.com/blog/wp-content/cache/wpfc-minified/43fa077796ec0562ed743c6789803793/1590511726index.js]
[www.zoomcar.com/blog/wp-content/cache/wpfc-minified/50fd44ef3cad03e992b072d57a613c6f/1584433315index.js]
[www.zoomcar.com/blog/xmlrpc0db0.php]
[www.zoomcar.com/blog/wp-includes/wlwmanifest.xml]
[www.zoomcar.com/blog/wp-json/index.html]
[www.zoomcar.com/blog/wp-json/oembed/1.0/embed404f.json]
[www.zoomcar.com/blog/wp-json/oembed/1.0/embed43a6]
[www.zoomcar.com/blog/wp-content/uploads/2020/03/favicon.png]
[www.zoomcar.com/blog/wp-content/uploads/2020/03/zoomcar-logo.png]
[www.zoomcar.com/blog/category/featured/popular-destination/index.html]
[www.zoomcar.com/offersb6fc.html]
[www.zoomcar.com/bangalore/index1a25.html]
[www.zoomcar.com/blog/wp-content/uploads/2020/11/001_Future_Towers_Pune_©Ossip_-_Copy1-copy.jpg]
[www.zoomcar.com/blog/hit-the-road-and-explore-these-perfect-weekend-getaways-from-pune/index.html]
[www.zoomcar.com/blog/wp-content/uploads/2020/11/workplace-5517744_1920-copy.jpg]
[www.zoomcar.com/blog/author/admin/index.html]
[www.zoomcar.com/blog/category/covd-19/index.html]
[www.zoomcar.com/blog/wp-content/uploads/2020/10/asia-2181888_1920-copy.jpg]
[www.zoomcar.com/blog/want-to-take-a-break-from-the-wfh-routine-consider-long-term-car-subscription/index.html]
[www.zoomcar.com/blog/wp-content/uploads/2020/10/satyajeet-mazumdar-fCsmYKhiHGo-unsplash-copy-1024x768.jpg]
[www.zoomcar.com/blog/category/covid-19/index.html]
[www.zoomcar.com/blog/heres-how-getting-a-car-on-subscription-secures-all-your-travel-plans/index.html]
[www.zoomcar.com/blog/3-extraordinary-weekend-road-trips-around-mumbai-for-workaholics/index.html]
[www.zoomcar.com/blog/wp-content/uploads/2020/10/Featured-1.jpg]
[www.zoomcar.com/blog/3-benefits-of-short-term-car-subscription-for-your-next-short-trip-around-pune/index.html]
[www.zoomcar.com/blog/wp-content/uploads/2020/11/001_Future_Towers_Pune_©Ossip_-_Copy1-copy-150x150.jpg]
[www.zoomcar.com/blog/wp-content/uploads/2020/11/workplace-5517744_1920-copy-150x150.jpg]
[www.zoomcar.com/blog/category/self-drive/index.html]
[www.zoomcar.com/blog/wp-content/uploads/2020/10/asia-2181888_1920-copy-150x150.jpg]
[www.zoomcar.com/blog/wp-content/uploads/2020/10/satyajeet-mazumdar-fCsmYKhiHGo-unsplash-copy-150x150.jpg]
[www.zoomcar.com/blog/wp-content/uploads/2020/10/Featured-1-150x150.jpg]
[www.zoomcar.com/blog/wp-content/uploads/2020/11/001_Future_Towers_Pune_©Ossip_-_Copy1-copy-370x245.jpg]
[www.zoomcar.com/blog/wp-content/uploads/2020/11/city-4058828_1920-copy-370x245.jpg]
[www.zoomcar.com/blog/zoomcar-is-the-story-of-persistence-innovation-brand-building-harsh-pamnani/index.html]
[www.zoomcar.com/blog/wp-content/uploads/2020/11/carriage-178002_1920-copy-370x245.jpg]
[www.zoomcar.com/blog/category/uncategorized/index.html]
[www.zoomcar.com/blog/wp-content/uploads/2020/11/workplace-5517744_1920-copy-370x245.jpg]
[www.zoomcar.com/blog/wp-content/uploads/2020/10/asia-2181888_1920-copy-370x245.jpg]
[www.zoomcar.com/blog/wp-content/uploads/2020/10/satyajeet-mazumdar-fCsmYKhiHGo-unsplash-copy-370x245.jpg]
[www.zoomcar.com/blog/wp-content/uploads/2020/10/Featured-1-370x245.jpg]
[www.zoomcar.com/blog/wp-content/uploads/2020/10/trip-2-1385732-370x245.jpg]
[www.zoomcar.com/blog/work-away-from-home-explore-benefits-of-subscribing-to-car-rental-plans-in-pune/index.html]
[www.zoomcar.com/blog/wp-content/uploads/2020/03/footer-logo.png]
[www.zoomcar.com/blog/3-short-road-trips-from-bangalore-to-add-to-your-travitude-list/index.html]
[www.zoomcar.com/blog/need-inspiration-take-a-short-trip-to-these-3-places-around-bangalore-with-your-friends/index.html]
[www.zoomcar.com/blog/page/2/index.html]
[i.imgur.com/JHXkOww.png]
[i.imgur.com/sBQqBUW.png]
[i.imgur.com/UrIQqA6.png]
[i.imgur.com/ZLkibJX.png]
[i.imgur.com/JaxqQGi.png]
[i.imgur.com/NuZ6ySA.png]
[www.zoomcar.com/blog/wp-content/cache/wpfc-minified/b9e3f5f9da8175071960ecee51e72802/1584545002index.css]
[www.zoomcar.com/blog/wp-content/plugins/contact-form-7/includes/js/jquery.form.mind03d.js]
[www.zoomcar.com/blog/wp-content/plugins/contact-form-7/includes/js/scripts1c9b.js]
[www.zoomcar.com/blog/wp-includes/js/jquery/ui/effect.mine899.js]
[www.zoomcar.com/blog/wp-includes/js/jquery/ui/effect-fold.mine899.js]
[www.zoomcar.com/blog/wp-includes/js/jquery/ui/effect-slide.mine899.js]
[www.zoomcar.com/blog/wp-includes/js/jquery/ui/effect-fade.mine899.js]
[www.zoomcar.com/blog/wp-includes/js/jquery/ui/effect-explode.mine899.js]
[www.zoomcar.com/blog/wp-includes/js/jquery/ui/effect-clip.mine899.js]
[www.zoomcar.com/blog/wp-content/plugins/instagram-feed/js/sb-instagram.minb493.js]
[www.zoomcar.com/blog/wp-content/plugins/woocommerce/assets/js/jquery-blockui/jquery.blockUI.min44fd.js]
[www.zoomcar.com/blog/wp-content/plugins/woocommerce/assets/js/frontend/woocommerce.min32bb.js]
[www.zoomcar.com/blog/wp-content/plugins/woocommerce/assets/js/jquery-cookie/jquery.cookie.min330a.js]
[www.zoomcar.com/blog/wp-content/plugins/woocommerce/assets/js/frontend/cart-fragments.min32bb.js]
[www.zoomcar.com/blog/wp-content/themes/zoomcar/js/magnific-popup7d4c.js]
[www.zoomcar.com/blog/wp-content/themes/zoomcar/js/jquery.fitvids7d4c.js]
[www.zoomcar.com/blog/wp-includes/js/imagesloaded.min55a0.js]
[www.zoomcar.com/blog/wp-content/themes/zoomcar/js/object-fit-images7d4c.js]
[www.zoomcar.com/blog/wp-content/themes/zoomcar/js/theme7d4c.js]
[www.zoomcar.com/blog/wp-content/themes/zoomcar/js/theia-sticky-sidebar7d4c.js]
[www.zoomcar.com/blog/wp-content/themes/zoomcar/js/jquery.slick7d4c.js]
[www.zoomcar.com/blog/wp-content/themes/zoomcar/js/jarallax7d4c.js]
[www.zoomcar.com/blog/wp-includes/js/wp-embed.min8b06.js]
[www.zoomcar.com/blog/wp-content/plugins/js_composer/assets/js/dist/js_composer_front.min52c7.js]
[www.zoomcar.com/blog/wp-content/plugins/js_composer/assets/lib/vc_waypoints/vc-waypoints.min52c7.js]
[www.zoomcar.com/blog/index.html]
[www.zoomcar.com/ak.html]
[www.zoomcar.com/ak-2.html]
[www.zoomcar.com/build/img/color-logo.f8af0af350b2f675a31a558fad8391df.svg]
[www.zoomcar.com/assets/vendor.531336b1cc2c3fa74a14.js]
[www.zoomcar.com/assets/search.05d587d8142e5f9b9f5c.js]
[www.zoomcar.com/assets/search.4be1f9cfab712d76c2074ae2622af47d.css]
[www.zoomcar.com/assets/web-search-input.73eb4ad5119697166bbe.js]
[www.zoomcar.com/api.zoomcar.com]
[assets.zoomcar.com/assets/favicon-94c70086866938b66cbd6706cfb6e048.png]
[cdnjs.cloudflare.com/ajax/libs/jquery/2.1.4/jquery.min.js]
[www.zoomcar.com/search.html]
[www.zoomcar.com/build/img/advantages_sprite.ae2a3344a7d5e65b0bd8f7c828e1bf3d.svg]
[www.zoomcar.com/build/img/supermiler_logo.03d80d443b6753b6827f98ccf6ab30da.svg]
[www.zoomcar.com/build/img/supermilers_sprite.099c3b4c889e2f09691cb1d98215897e.svg]
[cdnjs.cloudflare.com/ajax/libs/fetch/2.0.3/fetch.min.js]
[css.zoomcar.com/assets/application-20f86f4769e69dd855a80c1fd1e4f7c3.css]
[www.zoomcar.com/assets/login_v2.2fd86a1b1c13a9849f5f.js]
[www.zoomcar.com/assets/vendor.981f6e25ee03b1e01a80b5947ca3a308.css]
[stats.g.doubleclick.net/dc.js]
[www.zoomcar.com/zap/subscribe/amigo.html]
[assets.zoomcar.com/assets/amigo-0745beb183aac4221b5820b48ec5a39b.png]
[www.zoomcar.com/zoomcar-mobility-services.html]
[assets.zoomcar.com/assets/zms-logo-cb47c8141ffed16dcbcf68268b767682.png]
[assets.zoomcar.com/assets/supermiler-qr-d58a66f5968d578a61089783d254ae54.png]
[www.zoomcar.com/bhopal/index.html]
[www.zoomcar.com/patna/index.html]
[www.zoomcar.com/raipur/index.html]
[www.zoomcar.com/calicut/index.html]
[www.zoomcar.com/udupi/index.html]
[www.zoomcar.com/nagpur/airport-taxi-service]
[www.zoomcar.com/trichy/index.html]
[www.zoomcar.com/kochi/airport-taxi-service]
[www.zoomcar.com/vijayawada/airport-taxi-service.html]
[www.zoomcar.com/siliguri/airport-taxi-service]
[www.zoomcar.com/bhopal/airport-taxi-service]
[www.zoomcar.com/bhubaneswar/airport-taxi-service.html]
[www.zoomcar.com/vadodara/airport-taxi-service.html]
[www.zoomcar.com/patna/airport-taxi-service.html]
[www.zoomcar.com/raipur/airport-taxi-service.html]
[www.zoomcar.com/calicut/airport-taxi-service.html]
[www.zoomcar.com/trichy/airport-taxi-service.html]
[cdnjs.cloudflare.com/ajax/libs/twitter-bootstrap/3.1.1/js/bootstrap.min.js]
[cdn.polyfill.io/v2/polyfill.mind82c.js]
[cdnjs.cloudflare.com/ajax/libs/moment.js/2.14.1/moment.min.js]
[cdnjs.cloudflare.com/ajax/libs/jquery.payment/3.0.0/jquery.payment.js]
[cdnjs.cloudflare.com/ajax/libs/select2/4.0.2/js/select2.min.js]
[cdnjs.cloudflare.com/ajax/libs/1000hz-bootstrap-validator/0.8.1/validator.min.js]
[cdnjs.cloudflare.com/ajax/libs/slick-carousel/1.5.9/slick.min.js]
[www.zoomcar.com/loyalty.html]
[www.zoomcar.com/build/img/book.f804056bb2429eeabf95836bdf8865e1.svg]
[www.zoomcar.com/build/img/dl.99966c7703663379725f13d45663b372.svg]
[www.zoomcar.com/build/img/zoom.db4f328f3f4b83596bb3f2aefd04a864.svg]
[www.zoomcar.com/build/img/return.c50e35f6ae4b2891e95c121082d968f0.svg]
[www.zoomcar.com/build/img/steering-wheel.121c23ffa50aa2da7a1e1f829048dd90.svg]
[www.zoomcar.com/build/img/happy.c650409b5435456374eca19943b697f0.svg]
[www.zoomcar.com/build/img/kms.4dc69060e383492afc70514e93ca766c.svg]
[www.zoomcar.com/build/img/cars.fcc55acb001edaad3d14055517a1e1b4.svg]
[www.zoomcar.com/build/img/star_rating.5999c91406d9adad8f35df39ef055ec5.svg]
[www.zoomcar.com/assets/application.2803ae994ad03033d795.js]
[s3-ap-southeast-1.amazonaws.com/zoomcar/photos/profile/2966cb033d492c4b052c268c079fb0f4b7d315f9e984.png]
[s3-ap-southeast-1.amazonaws.com/zoomcar/photos/profile/d0b08577791d82552b019317e7609714df7b83107159.png]
[s3-ap-southeast-1.amazonaws.com/zoomcar/photos/profile/61c0d7c13f2a8b3bd3b4568ac8499e6bdaee5c659748.png]
[s3-ap-southeast-1.amazonaws.com/zoomcar/photos/profile/e1da6a71598ad28cb3a477cadd940caf8d484c708330.jpg]
[www.zoomcar.com/bangalore/policy.html]
[www.zoomcar.com/howitworks.html]
[www.zoomcar.com/build/img/zc-works.2adcbe18edb84c7c1fdf0c8d6c894f8b.svg]
[www.zoomcar.com/bangalore/holidays.html]
[www.zoomcar.com/policy.html]
[www.zoomcar.com/build/img/policies.ceddb15a4eef16af85ba8666b1522741.svg]
[www.zoomcar.com/damage_charges.html]
[www.zoomcar.com/faq.html]
[www.zoomcar.com/build/img/help-support.acf244c0683e201bd2d978f1ddc5d33d.svg]
[www.zoomcar.com/bangalore/contactus.html]
[www.zoomcar.com/bangalore/safety.html]
[www.zoomcar.com/android-app_/com.zoomcar/zoomcar/bangalore/safety]
[assets.zoomcar.com/assets/audi-35b80cd83ec0dad00ec951e391e96ebc.png]
[assets.zoomcar.com/assets/hyundai-15b9836ccc72cfc9b9ff933b78f60f1d.png]
[www.zoomcar.com/safety.html]
[www.zoomcar.com/build/img/safety.127607759cd86e3d75f5698a641d5b83.svg]
[assets.zoomcar.com/assets/team/greg-d83621011fb8ea976441000e666e53be.jpg]
[assets.zoomcar.com/assets/team/sudhindra_reddy-4547659ca169c288d36c34cf854a0567.jpg]
[assets.zoomcar.com/assets/team/hemanth-66df637724ac77b73c7c2ef3339b9c34.jpg]
[assets.zoomcar.com/assets/team/nirmal-8f6f7c747c673fd7c7bd1c1ae8e13176.jpg]
[assets.zoomcar.com/assets/team/mark_pic-c0edaf57fd5f36fe2c14ea7e8ac0c336.jpg]
[assets.zoomcar.com/assets/team/arpan_srivastava-c033ed94199ca089f7251830ecd27291.jpg]
[www.zoomcar.com/about.html]
[cdn.jsdelivr.net/npm/@mdi/font@5.9.55/css/materialdesignicons.min.css]
[www.zoomcar.com/zap/subscribe/manifests/zoom.json]
[www.zoomcar.com/zap/subscribe/build/92cbb4bf3d1d70a92233a45ed2010e9b.mp4]
[www.zoomcar.com/zap/subscribe/build/0091465f6bdcb1e29b2fd3b39866039a.mp4]
[cdn.polyfill.io/v2/polyfillb39f.js]
[www.zoomcar.com/zap/subscribe/build/app-166a37cdf7d2b3365bc8.bundle.js]
[www.zoomcar.com/zap/subscribe/build/app-166a37cdf7d2b3365bc8.bundle.css]
[www.zoomcar.com/zap/subscribe/build/vendor-166a37cdf7d2b3365bc8.bundle.js]
[www.zoomcar.com/zap/ak.m]
[www.zoomcar.com/zap/ak.114.delayed]
[www.zoomcar.com/zap/subscribe.html]
[www.zoomcar.com/assets/career.b6b1185d8cc7a1ecc9daead7a5a52c1f.css]
[www.zoomcar.com/bangalore/faq.html]
[www.zoomcar.com/bangalore/offers.html]
[www.zoomcar.com/bangalore/commute.html]
[www.zoomcar.com/assets/career.4a2ed8eb6a0d17921cc9.js]
[www.zoomcar.com/careers.html]
[www.zoomcar.com/bangalore/location.html]
[www.zoomcar.com/pune/location.html]
[www.zoomcar.com/delhi/location.html]
[www.zoomcar.com/mumbai/location.html]
[www.zoomcar.com/chennai/location.html]
[www.zoomcar.com/hyderabad/location.html]
[www.zoomcar.com/chandigarh/location.html]
[www.zoomcar.com/kolkata/location.html]
[www.zoomcar.com/ahmedabad/location.html]
[www.zoomcar.com/coimbatore/location.html]
[www.zoomcar.com/indore/location.html]
[www.zoomcar.com/jaipur/location.html]
[www.zoomcar.com/mysore/location.html]
[www.zoomcar.com/vizag/location.html]
[www.zoomcar.com/nagpur/location.html]
[www.zoomcar.com/kochi/location.html]
[www.zoomcar.com/vijayawada/location.html]
[www.zoomcar.com/siliguri/location.html]
[www.zoomcar.com/bhopal/location.html]
[www.zoomcar.com/lucknow/location.html]
[www.zoomcar.com/guwahati/location.html]
[www.zoomcar.com/bhubaneswar/location.html]
[www.zoomcar.com/vadodara/location.html]
[www.zoomcar.com/patna/location.html]
[www.zoomcar.com/raipur/location.html]
[www.zoomcar.com/calicut/location.html]
[www.zoomcar.com/udupi/location.html]
[www.zoomcar.com/trichy/location.html]
[www.zoomcar.com/location.html]
[www.zoomcar.com/bangalore/search.html]
[www.zoomcar.com/bangalore/ak.m]
[www.zoomcar.com/bangalore/ak.t]
[www.zoomcar.com/build/img/supermilers_bg.ce8bf185500c5dd96a4c1034b89e6e0c.jpg]
[www.zoomcar.com/build/img/z_coins.79da880b0c097267c2580ec6c91fc75f.svg]
[www.zoomcar.com/build/img/supermiler-elite-logo.d846b1e222fff76dfe900d0e6cb73edc.svg]
[www.zoomcar.com/build/img/delivery.04cf9585298583c8e1057115652469d8.svg]
[www.zoomcar.com/build/img/cancellation.b748722bf1f207eab15342c3f78caa90.svg]
[www.zoomcar.com/supermiler-elite.html]
[s3-ap-southeast-1.amazonaws.com/zoomcar/photos/profile/815c3aacf14c2fe62883e235a141dd0e3a1100d282d2.png]
[s3-ap-southeast-1.amazonaws.com/zoomcar/photos/profile/a5e8d9ac4c93330f421e26662c30aff9903fe5e45916.png]
[s3-ap-southeast-1.amazonaws.com/zoomcar/photos/profile/4a73a61179b879999cc3cb22e5ad2707a8fa6a5c68b5.png]
[www.zoomcar.com/bangalore/index.html]
[www.zoomcar.com/car-rentals/bangalore-coorg-cab-services.html]
[www.zoomcar.com/pune/search.html]
[www.zoomcar.com/pune/ak.m]
[www.zoomcar.com/pune/ak.t]
[s3-ap-southeast-1.amazonaws.com/zoomcar/photos/profile/24c58f1d7259354483684a3aef0f1bbfedd32155419f.png]
[www.zoomcar.com/pune/index.html]
[www.zoomcar.com/car-rentals/pune-shirdi-cab-services.html]
[www.zoomcar.com/delhi/search.html]
[www.zoomcar.com/delhi/ak.m]
[www.zoomcar.com/delhi/ak.t]
[www.zoomcar.com/car-rentals/delhi-agra-cab-services.html]
[www.zoomcar.com/delhi/index.html]
[www.zoomcar.com/car-rentals/delhi-ladakh-cab-services.html]
[www.zoomcar.com/mumbai/search.html]
[www.zoomcar.com/mumbai/ak.m]
[www.zoomcar.com/mumbai/ak.t]
[www.zoomcar.com/mumbai/index.html]
[www.zoomcar.com/car-rentals/mumbai-pune-cab-services.html]
[www.zoomcar.com/chennai/search.html]
[www.zoomcar.com/chennai/ak.m]
[www.zoomcar.com/chennai/ak.t]
[www.zoomcar.com/car-rentals/Chennai-Pondicherry-car-services.html]
[www.zoomcar.com/chennai/index.html]
[www.zoomcar.com/car-rentals/Chennai-Tirupati-car-services.html]
[www.zoomcar.com/hyderabad/search.html]
[www.zoomcar.com/hyderabad/ak.m]
[www.zoomcar.com/hyderabad/ak.t]
[www.zoomcar.com/car-rentals/hyderabad-srisailam-car-services.html]
[www.zoomcar.com/hyderabad/index.html]
[www.zoomcar.com/car-rentals/hyderabad-vijayawada-car-services.html]
[www.zoomcar.com/chandigarh/search.html]
[www.zoomcar.com/chandigarh/ak.m]
[www.zoomcar.com/chandigarh/ak.t]
[www.zoomcar.com/car-rentals/Chandigarh-Manikaran-car-services.html]
[www.zoomcar.com/chandigarh/index.html]
[www.zoomcar.com/car-rentals/Chandigarh-Shimla-car-services.html]
[www.zoomcar.com/kolkata/search.html]
[www.zoomcar.com/kolkata/ak.m]
[www.zoomcar.com/kolkata/ak.t]
[www.zoomcar.com/car-rentals/Kolkata-Puri-car-services.html]
[www.zoomcar.com/kolkata/index.html]
[www.zoomcar.com/car-rentals/Kolkata-Siliguri-car-services.html]
[www.zoomcar.com/ahmedabad/search.html]
[www.zoomcar.com/ahmedabad/ak.m]
[www.zoomcar.com/ahmedabad/ak.t]
[www.zoomcar.com/car-rentals/Ahmedabad-Udaipur-Cab-Services.html]
[www.zoomcar.com/ahmedabad/index.html]
[www.zoomcar.com/car-rentals/Ahmedabad-Maunt-Abu-Cab-Services.html]
[www.zoomcar.com/coimbatore/search.html]
[www.zoomcar.com/coimbatore/ak.m]
[www.zoomcar.com/coimbatore/ak.t]
[www.zoomcar.com/car-rentals/Coimbatore-Ooty-cab-services.html]
[www.zoomcar.com/coimbatore/index.html]
[www.zoomcar.com/car-rentals/Coimbatore-Chennai-cab-services.html]
[www.zoomcar.com/indore/search.html]
[www.zoomcar.com/indore/ak.m]
[www.zoomcar.com/indore/ak.t]
[www.zoomcar.com/indore/index.html]
[www.zoomcar.com/jaipur/search.html]
[www.zoomcar.com/jaipur/ak.m]
[www.zoomcar.com/jaipur/ak.t]
[www.zoomcar.com/jaipur/index.html]
[www.zoomcar.com/jaipur-delhi-car-services.html]
[www.zoomcar.com/car-rentals/Ludhiana-Manali-cab-services.html]
[www.zoomcar.com/ludhiana/index.html]
[www.zoomcar.com/car-rentals/Ludhiana-Shimla-cab-services.html]
[www.zoomcar.com/car-rentals/Mangalore-Coorg-cab-services.html]
[www.zoomcar.com/mangalore/index.html]
[www.zoomcar.com/car-rentals/bangalore-mangalore-cab-services.html]
[www.zoomcar.com/mysore/search.html]
[www.zoomcar.com/mysore/ak.m]
[www.zoomcar.com/mysore/ak.t]
[www.zoomcar.com/car-rentals/bangalore-mysore-cab-services.html]
[www.zoomcar.com/mysore/index.html]
[www.zoomcar.com/car-rentals/Mysore-Coorg-cab-services.html]
[www.zoomcar.com/vizag/search.html]
[www.zoomcar.com/vizag/ak.m]
[www.zoomcar.com/vizag/ak.t]
[www.zoomcar.com/car-rentals/Vizag-Hyderabad-Cab-Services.html]
[www.zoomcar.com/vizag/index.html]
[www.zoomcar.com/car-rentals/Vizag-Vijayawada-Cab-Services.html]
[www.zoomcar.com/nagpur/search.html]
[www.zoomcar.com/nagpur/ak.m]
[www.zoomcar.com/nagpur/ak.t]
[www.zoomcar.com/nagpur/index.html]
[www.zoomcar.com/car-rentals/mumbai-nagpur-cab-services.html]
[www.zoomcar.com/kochi/search.html]
[www.zoomcar.com/kochi/ak.m]
[www.zoomcar.com/kochi/ak.t]
[www.zoomcar.com/car-rentals/Kochi-Alleppey-cab-services.html]
[www.zoomcar.com/kochi/index.html]
[www.zoomcar.com/car-rentals/Kochi-Munnar-cab-services.html]
[www.zoomcar.com/udaipur/search.html]
[www.zoomcar.com/udaipur/ak.m]
[www.zoomcar.com/udaipur/ak.t]
[www.zoomcar.com/car-rentals/Udaipur-Mount-Abu-cab-services.html]
[www.zoomcar.com/udaipur/index.html]
[www.zoomcar.com/car-rentals/jaipur-udaipur-car-services.html]
[www.zoomcar.com/vijayawada/search.html]
[www.zoomcar.com/vijayawada/ak.m]
[www.zoomcar.com/vijayawada/ak.t]
[www.zoomcar.com/vijayawada/index.html]
[www.zoomcar.com/car-rentals/Vijayawada-Hyderabad-Cab-Services.html]
[www.zoomcar.com/car-rentals/Surat-Nasik-Cab-Services.html]
[www.zoomcar.com/surat/index.html]
[www.zoomcar.com/car-rentals/Surat-Mumbai-Cab-Services.html]
[www.zoomcar.com/siliguri/search.html]
[www.zoomcar.com/siliguri/ak.m]
[www.zoomcar.com/siliguri/ak.t]
[www.zoomcar.com/car-rentals/Siliguri-Darjeeling-cab-services.html]
[www.zoomcar.com/siliguri/index.html]
[www.zoomcar.com/car-rentals/Siliguri-Gangtok-cab-services.html]
[www.zoomcar.com/lucknow/search.html]
[www.zoomcar.com/lucknow/ak.m]
[www.zoomcar.com/lucknow/ak.t]
[www.zoomcar.com/lucknow/index.html]
[www.zoomcar.com/guwahati/search.html]
[www.zoomcar.com/guwahati/ak.m]
[www.zoomcar.com/guwahati/ak.t]
[www.zoomcar.com/car-rentals/Guwahati-Kaziranga-National-Park-cab-services.html]
[www.zoomcar.com/guwahati/index.html]
[www.zoomcar.com/car-rentals/Guwahati-Shillong-cab-services.html]
[www.zoomcar.com/bhubaneswar/search.html]
[www.zoomcar.com/bhubaneswar/ak.m]
[www.zoomcar.com/bhubaneswar/ak.t]
[www.zoomcar.com/car-rentals/Vizag-Bhubaneswar-Cab-Services.html]
[www.zoomcar.com/bhubaneswar/index.html]
[www.zoomcar.com/car-rentals/Kolkata-Bhubaneswar-car-services.html]
[www.zoomcar.com/hassan/index.html]
[www.zoomcar.com/vadodara/search.html]
[www.zoomcar.com/vadodara/ak.m]
[www.zoomcar.com/vadodara/ak.t]
[www.zoomcar.com/vadodara/index.html]
[www.zoomcar.com/trivandrum/index.html]
[www.zoomcar.com/bangalore/index0765.html]
[www.zoomcar.com/assets/bootstrap_datetime.b9c278118c8129923b4c.js]
[www.zoomcar.com/bangalore/airport-taxi-service.html]
[www.zoomcar.com/pune/airport-taxi-service.html]
[www.zoomcar.com/delhi/airport-taxi-service.html]
[www.zoomcar.com/delhi/index0765.html]
[www.zoomcar.com/pune/index0765.html]
[www.zoomcar.com/mumbai/airport-taxi-service.html]
[www.zoomcar.com/chennai/airport-taxi-service.html]
[www.zoomcar.com/mumbai/index0765.html]
[www.zoomcar.com/hyderabad/airport-taxi-service.html]
[www.zoomcar.com/chandigarh/airport-taxi-service.html]
[www.zoomcar.com/chennai/index0765.html]
[www.zoomcar.com/kolkata/airport-taxi-service.html]
[www.zoomcar.com/hyderabad/index0765.html]
[www.zoomcar.com/ahmedabad/airport-taxi-service.html]
[www.zoomcar.com/chandigarh/index0765.html]
[www.zoomcar.com/coimbatore/airport-taxi-service.html]
[www.zoomcar.com/kolkata/index0765.html]
[www.zoomcar.com/indore/airport-taxi-service.html]
[www.zoomcar.com/coimbatore/index0765.html]
[www.zoomcar.com/jaipur/airport-taxi-service.html]
[www.zoomcar.com/indore/index0765.html]
[www.zoomcar.com/vizag/airport-taxi-service.html]
[www.zoomcar.com/ahmedabad/index0765.html]
[www.zoomcar.com/udaipur/airport-taxi-service.html]
[www.zoomcar.com/jaipur/index0765.html]
[www.zoomcar.com/lucknow/airport-taxi-service.html]
[www.zoomcar.com/vizag/index0765.html]
[www.zoomcar.com/guwahati/airport-taxi-service.html]
[www.zoomcar.com/build/img/FB.71c8c954ebf0a73be3a2fa723bd62747.svg]
[www.zoomcar.com/build/img/Twitter_2.1fcd40979beb7132d30c04e19c76deab.svg]
[www.zoomcar.com/build/img/Insta.aa7386bfed43a8acf0551e8c276b559f.svg]
[www.zoomcar.com/build/img/Youtube.44df3b5bfd3ac80cf0d292928e29dd89.svg]
[www.zoomcar.com/build/img/Blog_2.d0a034e8ec8e3ba6897a6d3b3de13e27.svg]
[www.zoomcar.com/build/img/LinkdIn.660ed09532750dce008ff1d3543e3d0d.svg]
[www.zoomcar.com/build/img/play-store.82a3d4a21018a81138e2b3e12e6e19c2.svg]
[www.zoomcar.com/build/img/apple_store.cbda066c1940c0e1fefcd7be736a24f1.svg]
[www.zoomcar.com/build/img/logo-black.9c208791d55bfaea62d47b83808864f0.svg]
[www.zoomcar.com/build/img/tick.5610fe72cd845b7c90586247d1530a98.svg]
[www.zoomcar.com/udaipur/index0765.html]
[www.zoomcar.com/lucknow/index0765.html]
[www.zoomcar.com/guwahati/index0765.html]
[www.zoomcar.com/blog/wp-content/plugins/contact-form-7/images/ajax-loader.gif]
[www.zoomcar.com/blog/wp-content/plugins/instagram-feed/img/loader.png]
[www.zoomcar.com/blog/wp-content/cache/wpfc-minified/c700ee197b3cec5c64def81552533794/1590511726index.css]
[maxcdn.bootstrapcdn.com/font-awesome/4.6.3/css/font-awesome.min4698.css]
[www.zoomcar.com/blog/wp-includes/fonts/dashicons.eot]
[www.zoomcar.com/blog/wp-content/plugins/woocommerce/assets/fonts/star.eot]
[www.zoomcar.com/blog/wp-content/cache/wpfc-minified/7a4714bb3fbacfff29a268d20a3adf90/1584509828index.css]
[www.zoomcar.com/blog/wp-content/plugins/js_composer/assets/lib/bower/font-awesome/fonts/fontawesome-webfont3e6e.eot]
[www.zoomcar.com/blog/wp-content/cache/wpfc-minified/31ebefb6b703679d1fb73b59839886d0/1584433315index.css]
[www.zoomcar.com/blog/wp-content/plugins/js_composer/assets/vc/alert.png]
[www.zoomcar.com/blog/wp-content/cache/wpfc-minified/6e0099cce41552d00ab85e99234c0989/1584433713index.css]
[www.zoomcar.com/blog/wp-content/cache/wpfc-minified/43fa077796ec0562ed743c6789803793/1590511726index.js]
[www.zoomcar.com/blog/wp-content/cache/wpfc-minified/50fd44ef3cad03e992b072d57a613c6f/1584433315index.js]
[www.zoomcar.com/blog/ak.html]
[www.zoomcar.com/blog/ak-2.html]
[www.zoomcar.com/blog/category/featured/popular-destination/feed/index.html]
[www.zoomcar.com/blog/wp-content/uploads/2018/05/CF219430-770x515.jpg]
[www.zoomcar.com/blog/make-the-most-of-these-long-weekends-in-2020/index.html]
[www.zoomcar.com/blog/wp-content/uploads/2020/01/agra-770x515.jpg]
[www.zoomcar.com/blog/6-romantic-destinations-worth-visiting-with-your-partner-this-valentines-day/index.html]
[www.zoomcar.com/blog/wp-content/uploads/2018/08/ZS_M_010-11.jpg]
[www.zoomcar.com/blog/category/featured/index.html]
[www.zoomcar.com/blog/wp-content/uploads/2018/08/Friendship-day.jpg]
[www.zoomcar.com/blog/wp-content/uploads/2018/07/WhatsApp-Image-2018-06-20-at-12.57.49.jpg]
[www.zoomcar.com/blog/wp-content/uploads/2018/06/Pawna_Lake_in_Summer.jpg]
[www.zoomcar.com/blog/roadway-to-freedom/index.html]
[www.zoomcar.com/blog/wp-content/uploads/2018/05/Madai_Market_Street.jpg]
[www.zoomcar.com/blog/a-road-trip-called-friendship/index.html]
[www.zoomcar.com/blog/wp-content/uploads/2018/05/800px-Ethnic_jewellery_being_sold_at_Colaba_Mumbai.jpg]
[www.zoomcar.com/blog/5-offbeat-places-to-unwind-in-bengaluru-on-a-weekday/index.html]
[www.zoomcar.com/blog/wp-content/uploads/2018/04/Long_Weekend_BLOG_401.jpg]
[www.zoomcar.com/blog/5-midweek-monsoon-getaways-from-pune/index.html]
[www.zoomcar.com/blog/wp-content/uploads/2018/03/Blog-2.jpg]
[www.zoomcar.com/blog/5-best-street-shopping-places-in-pune-to-shop-for-under-₹500/index.html]
[www.zoomcar.com/blog/category/featured/popular-destination/index.html]
[www.zoomcar.com/blog/a-smart-guide-to-go-street-shopping-in-mumbai/index.html]
[www.zoomcar.com/blog/category/bdaia-lifestyle/index.html]
[www.zoomcar.com/blog/8-hill-stations-you-must-visit-this-long-weekend/index.html]
[www.zoomcar.com/blog/category/east-india/index.html]
[www.zoomcar.com/blog/here-are-8-weekend-getaways-around-bhopal-and-thiruvananthapuram-you-cant-miss/index.html]
[www.zoomcar.com/offers.html]
[www.zoomcar.com/blog/category/featured/popular-destination/page/2/index.html]
[www.zoomcar.com/blog/2021/04/index.html]
[www.zoomcar.com/android-app_/com.zoomcar/zoomcar/guwahati/offers]
[www.zoomcar.com/blog/2020/11/index.html]
[www.zoomcar.com/delhi/offer/festive-joy-30-off_cdpw6s.html]
[www.zoomcar.com/blog/2020/10/index.html]
[www.zoomcar.com/blog/2020/08/index.html]
[s3-ap-southeast-1.amazonaws.com/zoomcar/images/original/466f346c4879d3a769580d771bc1eca4f80a6fbc7638.jpg]
[www.zoomcar.com/blog/2020/07/index.html]
[www.zoomcar.com/offer/zoom-to-workation.html]
[www.zoomcar.com/blog/2020/05/index.html]
[www.zoomcar.com/blog/2020/06/index.html]
[s3-ap-southeast-1.amazonaws.com/zoomcar/images/original/a25f064ad6df697fa081486deaa2e48e1955aeacd5ae.jpg]
[www.zoomcar.com/blog/2020/04/index.html]
[www.zoomcar.com/blog/2020/02/index.html]
[www.zoomcar.com/offer/JOY.html]
[www.zoomcar.com/blog/2020/01/index.html]
[s3-ap-southeast-1.amazonaws.com/zoomcar/images/original/35e53c4ca74190baa926058ca6e78c82efe9b8b37a8a.jpg]
[www.zoomcar.com/blog/2018/09/index.html]
[www.zoomcar.com/blog/2018/08/index.html]
[www.zoomcar.com/offer/mastercard-offer.html]
[www.zoomcar.com/blog/2018/07/index.html]
[www.zoomcar.com/blog/2018/06/index.html]
[s3-ap-southeast-1.amazonaws.com/zoomcar/images/original/3a036b7e841c0da948fa7cf23d649bc050a12644cc77.png]
[www.zoomcar.com/offersb6fc.html]
[www.zoomcar.com/blog/2018/05/index.html]
[www.zoomcar.com/blog/2018/03/index.html]
[www.zoomcar.com/blog/2018/01/index.html]
[www.zoomcar.com/bangalore/index1a25.html]
[www.zoomcar.com/blog/2017/12/index.html]
[www.zoomcar.com/blog/2017/11/index.html]
[www.zoomcar.com/blog/2017/10/index.html]
[www.zoomcar.com/blog/2018/04/index.html]
[www.zoomcar.com/blog/2018/02/index.html]
[www.zoomcar.com/blog/2017/09/index.html]
[www.zoomcar.com/blog/wp-json/oembed/1.0/embed621e.json]
[www.zoomcar.com/blog/2017/08/index.html]
[www.zoomcar.com/blog/2017/07/index.html]
[www.zoomcar.com/blog/wp-json/oembed/1.0/embedb51e]
[www.zoomcar.com/blog/2017/06/index.html]
[www.zoomcar.com/blog/2017/05/index.html]
[www.zoomcar.com/blog/2017/04/index.html]
[www.zoomcar.com/blog/2017/03/index.html]
[www.zoomcar.com/blog/2017/02/index.html]
[www.zoomcar.com/blog/wp-content/uploads/2020/11/image-6.png]
[www.zoomcar.com/blog/2017/01/index.html]
[www.zoomcar.com/blog/2016/12/index.html]
[www.zoomcar.com/blog/wp-content/uploads/2020/11/image-7.png]
[www.zoomcar.com/blog/wp-content/uploads/2020/10/Book-Now-Button-1.png]
[www.zoomcar.com/blog/wp-content/uploads/2020/10/android_logo_PNG17.png]
[www.zoomcar.com/blog/2016/11/index.html]
[www.zoomcar.com/blog/wp-content/uploads/2020/10/863px-Apple_logo_black.svg_.png]
[www.zoomcar.com/blog/wp-content/uploads/2020/11/city-4058828_1920-copy-150x150.jpg]
[www.zoomcar.com/blog/wp-content/uploads/2020/11/city-4058828_1920-copy-270x180.jpg]
[www.zoomcar.com/blog/2016/09/index.html]
[www.zoomcar.com/blog/wp-content/uploads/2020/11/carriage-178002_1920-copy-270x180.jpg]
[www.zoomcar.com/blog/wp-content/uploads/2020/11/workplace-5517744_1920-copy-270x180.jpg]
[www.zoomcar.com/blog/wp-content/uploads/2020/10/asia-2181888_1920-copy-270x180.jpg]
[www.zoomcar.com/blog/wp-content/uploads/2020/10/satyajeet-mazumdar-fCsmYKhiHGo-unsplash-copy-270x180.jpg]
[www.zoomcar.com/blog/wp-content/uploads/2020/10/Featured-1-270x180.jpg]
[www.zoomcar.com/blog/2016/08/index.html]
[www.zoomcar.com/blog/2016/07/index.html]
[cdn.jsdelivr.net/wp/wp-slimstat/tags/4.7.4/wp-slimstat.min.js]
[www.zoomcar.com/blog/2016/06/index.html]
[www.zoomcar.com/blog/wp-includes/js/comment-reply.min8b06.js]
[www.zoomcar.com/blog/hit-the-road-and-explore-these-perfect-weekend-getaways-from-pune/index.html]
[www.zoomcar.com/blog/2016/05/index.html]
[www.zoomcar.com/blog/2016/04/index.html]
[www.zoomcar.com/blog/2016/03/index.html]
[www.zoomcar.com/blog/2016/02/index.html]
[www.zoomcar.com/blog/2016/01/index.html]
[www.zoomcar.com/blog/2015/12/index.html]
[www.zoomcar.com/blog/2015/11/index.html]
[www.zoomcar.com/blog/2015/10/index.html]
[www.zoomcar.com/blog/2015/09/index.html]
[www.zoomcar.com/blog/2015/08/index.html]
[www.zoomcar.com/blog/wp-content/uploads/2020/11/001_Future_Towers_Pune_©Ossip_-_Copy1-copy-770x515.jpg]
[www.zoomcar.com/blog/2015/07/index.html]
[www.zoomcar.com/blog/wp-content/uploads/2020/11/city-4058828_1920-copy-770x515.jpg]
[www.zoomcar.com/blog/wp-content/uploads/2020/11/carriage-178002_1920-copy-770x515.jpg]
[www.zoomcar.com/blog/2015/06/index.html]
[www.zoomcar.com/blog/wp-content/uploads/2020/10/asia-2181888_1920-copy-770x515.jpg]
[www.zoomcar.com/blog/wp-content/uploads/2020/10/satyajeet-mazumdar-fCsmYKhiHGo-unsplash-copy-770x515.jpg]
[www.zoomcar.com/blog/wp-content/uploads/2020/10/trip-2-1385732-770x515.jpg]
[www.zoomcar.com/blog/category/covd-19/index.html]
[www.zoomcar.com/blog/2015/03/index.html]
[www.zoomcar.com/blog/2015/05/index.html]
[www.zoomcar.com/blog/2015/04/index.html]
[www.zoomcar.com/blog/2015/01/index.html]
[www.zoomcar.com/blog/2014/12/index.html]
[www.zoomcar.com/blog/2014/10/index.html]
[www.zoomcar.com/blog/2014/09/index.html]
[www.zoomcar.com/blog/2014/08/index.html]
[www.zoomcar.com/blog/2014/06/index.html]
[www.zoomcar.com/blog/wp-content/uploads/2020/11/workplace-5517744_1920-copy-770x515.jpg]
[www.zoomcar.com/blog/2014/05/index.html]
[www.zoomcar.com/blog/wp-content/uploads/2020/10/Featured-1-770x515.jpg]
[www.zoomcar.com/blog/2014/04/index.html]
[www.zoomcar.com/blog/wp-content/uploads/2020/08/ZC_BFS_Home-Page-Banner_202-770x515.jpg]
[www.zoomcar.com/blog/author/admin/index.html]
[www.zoomcar.com/blog/2014/03/index.html]
[www.zoomcar.com/blog/2014/02/index.html]
[www.zoomcar.com/blog/wp-json/oembed/1.0/embed0fb7.json]
[www.zoomcar.com/blog/2014/01/index.html]
[www.zoomcar.com/blog/wp-json/oembed/1.0/embede892]
[www.zoomcar.com/blog/2013/12/index.html]
[www.zoomcar.com/blog/2013/10/index.html]
[www.zoomcar.com/blog/2013/09/index.html]
[www.zoomcar.com/blog/2013/08/index.html]
[www.zoomcar.com/blog/2013/05/index.html]
[www.zoomcar.com/blog/wp-content/uploads/2020/11/image.png]
[www.zoomcar.com/blog/2013/02/index.html]
[www.zoomcar.com/blog/wp-content/uploads/2020/11/image-1.png]
[www.zoomcar.com/blog/wp-content/uploads/2020/11/carriage-178002_1920-copy-150x150.jpg]
[www.zoomcar.com/blog/hit-the-road-and-explore-these-perfect-weekend-getaways-from-pune/feed/index.html]
[www.zoomcar.com/blog/wp-content/uploads/2020/11/001_Future_Towers_Pune_©Ossip_-_Copy1-copy-270x180.jpg]
[www.zoomcar.com/blog/want-to-take-a-break-from-the-wfh-routine-consider-long-term-car-subscription/index.html]
[www.zoomcar.com/blog/tag/best-self-drive-car-rental/index.html]
[www.zoomcar.com/blog/tag/car-subscription/index.html]
[www.zoomcar.com/blog/tag/car-rental/index.html]
[www.zoomcar.com/blog/tag/pune/index.html]
[www.zoomcar.com/zap/subscribe/index.html]
[www.zoomcar.com/blog/tag/zoomcar-subscription/index.html]
[www.zoomcar.com/blog/category/covd-19/feed/index.html]
[www.zoomcar.com/blog/author/admin/feed/index.html]
[www.zoomcar.com/blog/want-to-take-a-break-from-the-wfh-routine-consider-long-term-car-subscription/feed/index.html]
[www.zoomcar.com/blog/heres-how-renting-a-car-for-a-few-months-can-secure-all-your-travel-plans/index.html]
[www.zoomcar.com/blog/author/admin/page/2/index.html]
[www.zoomcar.com/blog/wp-content/uploads/2020/08/image.png]
[www.zoomcar.com/blog/wp-content/uploads/2020/07/Blog1.jpg]
[www.zoomcar.com/blog/wp-content/uploads/2020/06/ZoomBlog1.jpg]
[www.zoomcar.com/blog/tag/subscribe-a-car/index.html]
[www.zoomcar.com/blog/tag/care-rental/index.html]
[www.zoomcar.com/blog/wp-content/uploads/2020/05/Car-Image1.jpg]
[www.zoomcar.com/blog/tag/work-from-home/index.html]
[www.zoomcar.com/blog/wp-content/uploads/2020/06/What-Makes-Zoomcar-The-Right-Travel-Partner-For-Critical-Times-770x515.jpg]
[www.zoomcar.com/blog/tag/zoomcar/index.html]
[www.zoomcar.com/blog/wp-content/uploads/2020/05/zoom-to-atmanirbharta-770x407.jpg]
[www.zoomcar.com/blog/category/covid-19/index.html]
[www.zoomcar.com/blog/category/covid-19/feed/index.html]
[www.zoomcar.com/blog/rental-cars-a-necessity-in-the-times-of-novel-coronavirus/index.html]
[www.zoomcar.com/blog/wp-json/oembed/1.0/embed3a66.json]
[www.zoomcar.com/blog/4-reasons-why-personal-mobility-is-a-life-saver/index.html]
[www.zoomcar.com/blog/wp-json/oembed/1.0/embed6b5f]
[www.zoomcar.com/blog/category/business/index.html]
[www.zoomcar.com/blog/4-ways-zoomcar-makes-daily-commutes-safe-during-these-risky-times/index.html]
[www.zoomcar.com/blog/5-things-you-must-pack-in-for-a-safe-and-secure-trip/index.html]
[www.zoomcar.com/blog/what-makes-zoomcar-the-right-travel-partner-for-critical-times/index.html]
[www.zoomcar.com/blog/self-drive-to-safety-and-self-reliance-with-zoomcars-100-off-sale/index.html]
[www.zoomcar.com/blog/category/covid-19/page/2/index.html]
[www.zoomcar.com/blog/heres-how-getting-a-car-on-subscription-secures-all-your-travel-plans/feed/index.html]
[www.zoomcar.com/blog/wp-content/uploads/2020/10/image-6.png]
[www.zoomcar.com/blog/wp-content/uploads/2020/10/image-7.png]
[www.zoomcar.com/blog/wp-content/uploads/2020/10/trip-2-1385732-270x180.jpg]
[www.zoomcar.com/blog/heres-how-getting-a-car-on-subscription-secures-all-your-travel-plans/index.html]
[www.zoomcar.com/blog/wp-json/oembed/1.0/embed01d7.json]
[www.zoomcar.com/blog/3-extraordinary-weekend-road-trips-around-mumbai-for-workaholics/feed/index.html]
[www.zoomcar.com/blog/wp-json/oembed/1.0/embed1e60]
[www.zoomcar.com/blog/wp-content/uploads/2020/10/satyajeet-mazumdar-fCsmYKhiHGo-unsplash-copy-scaled.jpg]
[www.zoomcar.com/blog/wp-content/uploads/2020/10/image-4.png]
[www.zoomcar.com/blog/wp-content/uploads/2020/10/image-5.png]
[www.zoomcar.com/blog/wp-content/uploads/2020/08/ZC_BFS_Home-Page-Banner_202-270x180.jpg]
[www.zoomcar.com/blog/wp-content/uploads/2020/07/Blog1-270x180.jpg]
[www.zoomcar.com/blog/3-extraordinary-weekend-road-trips-around-mumbai-for-workaholics/index.html]
[www.zoomcar.com/blog/tag/mumbai/index.html]
[www.zoomcar.com/blog/tag/self-drive-car/index.html]
[www.zoomcar.com/blog/tag/self-drive-car-rental-in-mumbai/index.html]
[www.zoomcar.com/blog/tag/self-drive-rental/index.html]
[www.zoomcar.com/blog/wp-json/oembed/1.0/embed6da6.json]
[www.zoomcar.com/blog/3-benefits-of-short-term-car-subscription-for-your-next-short-trip-around-pune/feed/index.html]
[www.zoomcar.com/blog/wp-json/oembed/1.0/embed6b2b]
[www.zoomcar.com/blog/wp-content/uploads/2020/10/image-2.png]
[www.zoomcar.com/blog/wp-content/uploads/2020/10/image-3.png]
[www.zoomcar.com/blog/wp-content/uploads/2020/10/Book-Now-Button.png]
[www.zoomcar.com/blog/wp-content/uploads/2020/10/trip-2-1385732-150x150.jpg]
[www.zoomcar.com/blog/3-benefits-of-short-term-car-subscription-for-your-next-short-trip-around-pune/index.html]
[www.zoomcar.com/blog/tag/rent-a-car-for-a-short-term/index.html]
[www.zoomcar.com/blog/tag/short-term-car-rental/index.html]
[www.zoomcar.com/blog/category/self-drive/feed/index.html]
[www.zoomcar.com/blog/wp-content/uploads/2020/05/Covid-19-e1589367628917-770x515.jpg]
[www.zoomcar.com/blog/category/self-drive/index.html]
[www.zoomcar.com/blog/how-zoomcar-is-ensuring-safety-of-customers-from-covid-19/index.html]
[www.zoomcar.com/blog/wp-json/oembed/1.0/embede1bc.json]
[www.zoomcar.com/blog/zoomcar-is-the-story-of-persistence-innovation-brand-building-harsh-pamnani/feed/index.html]
[www.zoomcar.com/blog/wp-json/oembed/1.0/embed5aa7]
[www.zoomcar.com/blog/wp-content/uploads/2021/04/Blog-Image.png]
[www.zoomcar.com/blog/zoomcar-is-the-story-of-persistence-innovation-brand-building-harsh-pamnani/index.html]
[www.zoomcar.com/blog/category/uncategorized/feed/index.html]
[www.zoomcar.com/blog/wp-content/uploads/2020/05/Redefine-Your-Travel-Experience-to-Make-It-Safer-770x515.jpg]
[www.zoomcar.com/blog/wp-content/uploads/2018/09/ganesh-temple-770x515.jpg]
[www.zoomcar.com/blog/redefine-your-travel-experience-to-make-it-safer/index.html]
[www.zoomcar.com/blog/wp-content/uploads/2018/05/2-1532107973.jpg]
[www.zoomcar.com/blog/best-of-ganesh-temples-from-kanyakumari-to-kashmir/index.html]
[www.zoomcar.com/blog/wp-content/uploads/2018/07/ZC_CEGBlogCover_101.jpg]
[www.zoomcar.com/blog/wp-content/uploads/2018/04/ZS2_BlogBanner_104.jpg]
[www.zoomcar.com/blog/category/uncategorized/index.html]
[www.zoomcar.com/blog/5-best-places-in-bangalore-to-shop-at-under-₹500/index.html]
[www.zoomcar.com/blog/your-guide-to-treat-her-right-car-caring-etiquette-101/index.html]
[www.zoomcar.com/blog/zoomcar-social-media-ipr-disclaimer/index.html]
[www.zoomcar.com/blog/subscription-services-are-transforming-lives-have-you-subscribed-yet/index.html]
[www.zoomcar.com/blog/wp-json/oembed/1.0/embedf333.json]
[www.zoomcar.com/blog/category/education/index.html]
[www.zoomcar.com/blog/wp-json/oembed/1.0/embedd09d]
[www.zoomcar.com/blog/work-away-from-home-explore-benefits-of-subscribing-to-car-rental-plans-in-pune/feed/index.html]
[www.zoomcar.com/blog/category/uncategorized/page/2/index.html]
[www.zoomcar.com/blog/wp-content/uploads/2020/11/city-4058828_1920-copy.jpg]
[www.zoomcar.com/blog/wp-content/uploads/2020/11/image-4.png]
[www.zoomcar.com/blog/wp-content/uploads/2020/11/image-5.png]
[www.zoomcar.com/blog/work-away-from-home-explore-benefits-of-subscribing-to-car-rental-plans-in-pune/index.html]
[www.zoomcar.com/blog/tag/self-drive/index.html]
[www.zoomcar.com/blog/wp-json/oembed/1.0/embedfe0a.json]
[www.zoomcar.com/blog/need-inspiration-take-a-short-trip-to-these-3-places-around-bangalore-with-your-friends/feed/index.html]
[www.zoomcar.com/blog/wp-json/oembed/1.0/embedca4b]
[www.zoomcar.com/blog/wp-content/uploads/2020/11/carriage-178002_1920-copy.jpg]
[www.zoomcar.com/blog/wp-content/uploads/2020/11/image-2.png]
[www.zoomcar.com/blog/wp-content/uploads/2020/11/image-3.png]
[www.zoomcar.com/blog/need-inspiration-take-a-short-trip-to-these-3-places-around-bangalore-with-your-friends/index.html]
[www.zoomcar.com/blog/tag/bangalore/index.html]
[www.zoomcar.com/blog/tag/car-hire-bangalore/index.html]
[www.zoomcar.com/blog/wp-json/oembed/1.0/embed2e2d.json]
[www.zoomcar.com/blog/3-short-road-trips-from-bangalore-to-add-to-your-travitude-list/feed/index.html]
[www.zoomcar.com/blog/wp-json/oembed/1.0/embeddddc]
[www.zoomcar.com/blog/wp-content/uploads/2020/10/trip-2-1385732.jpg]
[www.zoomcar.com/blog/wp-content/uploads/2020/10/image.png]
[www.zoomcar.com/blog/wp-content/uploads/2020/10/image-1.png]
[www.zoomcar.com/blog/tag/self-driven/index.html]
[www.zoomcar.com/blog/wp-content/uploads/2020/08/ZC_BFS_Home-Page-Banner_202-150x150.jpg]
[www.zoomcar.com/blog/tag/self-drive-car-hire/index.html]
[www.zoomcar.com/blog/tag/weekend-getaways/index.html]
[www.zoomcar.com/blog/wp-content/uploads/2020/08/image-270x180.png]
[www.zoomcar.com/blog/3-short-road-trips-from-bangalore-to-add-to-your-travitude-list/index.html]
[www.zoomcar.com/blog/wp-content/uploads/2020/08/ZC_BFS_Home-Page-Banner_202-370x245.jpg]
[www.zoomcar.com/blog/wp-content/uploads/2020/08/image-370x245.png]
[www.zoomcar.com/blog/wp-content/uploads/2020/07/Blog1-370x245.jpg]
[www.zoomcar.com/blog/wp-content/uploads/2020/06/ZoomBlog1-370x245.jpg]
[www.zoomcar.com/blog/wp-content/uploads/2020/05/Car-Image1-370x245.jpg]
[www.zoomcar.com/blog/wp-content/uploads/2020/06/3-Life-Situations-Where-a-Self-Drive-Zoomcar-Will-be-a-Boon-1-370x245.jpg]
[www.zoomcar.com/blog/wp-content/uploads/2020/06/What-Makes-Zoomcar-The-Right-Travel-Partner-For-Critical-Times-370x245.jpg]
[www.zoomcar.com/blog/wp-content/uploads/2020/05/Redefine-Your-Travel-Experience-to-Make-It-Safer-370x245.jpg]
[www.zoomcar.com/blog/wp-content/uploads/2020/05/zoom-to-atmanirbharta-370x245.jpg]
[www.zoomcar.com/blog/page/2/index.html]
[www.zoomcar.com/blog/wp-content/cache/wpfc-minified/b9e3f5f9da8175071960ecee51e72802/1584545002index.css]
[www.zoomcar.com/blog/wp-content/plugins/contact-form-7/includes/js/jquery.form.mind03d.js]
[www.zoomcar.com/blog/wp-content/plugins/contact-form-7/includes/js/scripts1c9b.js]
[www.zoomcar.com/blog/wp-includes/js/jquery/ui/effect.mine899.js]
[www.zoomcar.com/blog/wp-includes/js/jquery/ui/effect-fold.mine899.js]
[www.zoomcar.com/blog/wp-includes/js/jquery/ui/effect-slide.mine899.js]
[www.zoomcar.com/blog/wp-includes/js/jquery/ui/effect-fade.mine899.js]
[www.zoomcar.com/blog/wp-includes/js/jquery/ui/effect-explode.mine899.js]
[www.zoomcar.com/blog/wp-includes/js/jquery/ui/effect-clip.mine899.js]
[www.zoomcar.com/blog/wp-content/plugins/instagram-feed/js/sb-instagram.minb493.js]
[www.zoomcar.com/blog/wp-content/plugins/woocommerce/assets/js/jquery-blockui/jquery.blockUI.min44fd.js]
[www.zoomcar.com/blog/wp-content/plugins/woocommerce/assets/js/frontend/woocommerce.min32bb.js]
[www.zoomcar.com/blog/wp-content/plugins/woocommerce/assets/js/jquery-cookie/jquery.cookie.min330a.js]
[www.zoomcar.com/blog/wp-content/plugins/woocommerce/assets/js/frontend/cart-fragments.min32bb.js]
[www.zoomcar.com/blog/wp-content/themes/zoomcar/js/magnific-popup7d4c.js]
[www.zoomcar.com/blog/wp-content/themes/zoomcar/js/jquery.fitvids7d4c.js]
[www.zoomcar.com/blog/wp-includes/js/imagesloaded.min55a0.js]
[www.zoomcar.com/blog/wp-content/themes/zoomcar/js/object-fit-images7d4c.js]
[www.zoomcar.com/blog/wp-content/themes/zoomcar/js/theme7d4c.js]
[www.zoomcar.com/blog/wp-content/themes/zoomcar/js/theia-sticky-sidebar7d4c.js]
[www.zoomcar.com/blog/wp-content/themes/zoomcar/js/jquery.slick7d4c.js]
[www.zoomcar.com/blog/wp-content/themes/zoomcar/js/jarallax7d4c.js]
[www.zoomcar.com/blog/wp-includes/js/wp-embed.min8b06.js]
[www.zoomcar.com/blog/3-life-situations-where-a-self-drive-zoomcar-will-be-a-boon/index.html]
[www.zoomcar.com/blog/page/3/index.html]
[apis.google.com/js/plusone.js]
[assets.pinterest.com/js/pinit.js]
[www.zoomcar.com/blog/wp-content/plugins/js_composer/assets/js/dist/js_composer_front.min52c7.js]
[www.zoomcar.com/blog/wp-content/plugins/js_composer/assets/lib/vc_waypoints/vc-waypoints.min52c7.js]
[www.zoomcar.com/assets/component-images/play-store.82a3d4a21018a81138e2b3e12e6e19c2.svg]
[www.zoomcar.com/assets/component-images/apple_store.cbda066c1940c0e1fefcd7be736a24f1.svg]
[www.zoomcar.com/assets/component-images/tick.5610fe72cd845b7c90586247d1530a98.svg]
[www.zoomcar.com/assets/component-images/illustration.c2112ead7ec73d2862bb7a4a53a5ba39.png]
[maps.gstatic.com/mapfiles/api-3/images/powered-by-google-on-white3.png]
[www.zoomcar.com/assets/search.4be1f9cfab712d76c2074ae2622af47d.css]
[www.zoomcar.com/api.zoomcar.html]
[www.googletagmanager.com/gtm5445.html]
[assets.zoomcar.com/spinner.2a8.delayed]
[assets.zoomcar.com/assets/bgscreen_loyalty-b478d5c2a5c90e25734626c8eaae8411.jpg]
[assets.zoomcar.com/assets/search_sprite-a171ce1daf9cf086396c0089bb85a69a.png]
[css.zoomcar.com/assets/application-20f86f4769e69dd855a80c1fd1e4f7c3.css]
[www.zoomcar.com/img/bg.html]
[www.zoomcar.com/assets/vendor.981f6e25ee03b1e01a80b5947ca3a308.css]
[www.zoomcar.com/zap/subscribe/ak.html]
[www.zoomcar.com/zap/subscribe/ak-2.html]
[www.zoomcar.com/zap/subscribe/amigo.html]
[www.zoomcar.com/assets/zoomcar_mobility_services.2be56aeb4ff9d8b1161a066bf817f346.css]
[www.zoomcar.com/zoomcar-mobility-services.html]
[www.zoomcar.com/assets/zoomcar_mobility_services.9e4367ba52940fd99296.js]
[www.zoomcar.com/bhopal/search.html]
[www.zoomcar.com/bhopal/ak.m]
[www.zoomcar.com/bhopal/ak.t]
[www.zoomcar.com/bhopal/index.html]
[www.zoomcar.com/patna/search.html]
[www.zoomcar.com/patna/ak.m]
[www.zoomcar.com/patna/ak.t]
[www.zoomcar.com/patna/index.html]
[www.zoomcar.com/raipur/search.html]
[www.zoomcar.com/raipur/ak.m]
[www.zoomcar.com/raipur/ak.t]
[www.zoomcar.com/raipur/index.html]
[www.zoomcar.com/calicut/search.html]
[www.zoomcar.com/calicut/ak.m]
[www.zoomcar.com/calicut/ak.t]
[www.zoomcar.com/calicut/index.html]
[www.zoomcar.com/build/app.7b79428fc25128380555926a4ec5aef2.css]
[www.zoomcar.com/build/vendor.df8a8d3ba367e9865bda.js]
[www.zoomcar.com/build/app.46095a0d2958845761a2.js]
[www.zoomcar.com/udupi/search.html]
[www.zoomcar.com/udupi/ak.m]
[www.zoomcar.com/udupi/ak.t]
[www.zoomcar.com/udupi/commute.html]
[www.zoomcar.com/build/img/ic_zoomCommute.910870ffdc386556cf97d3340d74c53f.png]
[www.zoomcar.com/build/img/ic_dealShack.f6860097961ca477796e7c8f92892955.png]
[www.zoomcar.com/udupi/offers.html]
[www.zoomcar.com/build/img/ic_offers.5606b57071ab56c8d2db5ff7101e860a.png]
[www.zoomcar.com/build/img/facebook.bffc77d02d92be2874de39c8c1c48926.svg]
[www.zoomcar.com/build/img/twitter.e4e9a56d85a9869b6378fe6af8f3d193.svg]
[www.zoomcar.com/build/img/blog.6b081fc37adf96a22779c32684daff40.svg]
[www.zoomcar.com/udupi/index.html]
[www.zoomcar.com/trichy/search.html]
[www.zoomcar.com/trichy/ak.m]
[www.zoomcar.com/trichy/ak.t]
[www.zoomcar.com/trichy/index.html]
[www.zoomcar.com/nagpur/airport-taxi-service.html]
[www.zoomcar.com/kochi/airport-taxi-service.html]
[www.zoomcar.com/vijaywada/airport-taxi-service]
[www.zoomcar.com/vijayawada/airport-taxi-service.html]
[www.zoomcar.com/siliguri/airport-taxi-service.html]
[www.zoomcar.com/bhopal/airport-taxi-service.html]
[www.zoomcar.com/vijayawada/index0765.html]
[www.zoomcar.com/bhubaneshwar/airport-taxi-service]
[www.zoomcar.com/bhubaneswar/airport-taxi-service.html]
[www.zoomcar.com/bhubaneswar/index0765.html]
[www.zoomcar.com/vadodara/airport-taxi-service.html]
[www.zoomcar.com/airport-taxi-service.html]
[www.zoomcar.com/vadodara/index0765.html]
[www.zoomcar.com/patna/airport-taxi-service.html]
[www.zoomcar.com/raipur/airport-taxi-service.html]
[www.zoomcar.com/calicut/airport-taxi-service.html]
[www.zoomcar.com/raipur/index0765.html]
[www.zoomcar.com/trichy/airport-taxi-service.html]
[www.zoomcar.com/bangalore/policy.html]
[www.zoomcar.com/calicut/index0765.html]
[www.zoomcar.com/trichy/index0765.html]
[www.zoomcar.com/patna/index0765.html]
[www.zoomcar.com/bangalore/android-app_/com.zoomcar/zoomcar/bangalore/holidays.2e4.delayed]
[www.zoomcar.com/bangalore/holidays.html]
[www.zoomcar.com/bangalore/damage_charges.html]
[assets.zoomcar.com/assets/car_damages/minor_damage1-624146241c7c3a5e157036ae994ac78e.png]
[assets.zoomcar.com/assets/car_damages/minor_damage2-8df5b6b71403a1959a3941bb83baa92e.png]
[assets.zoomcar.com/assets/car_damages/multiple_scratches1-79306543fa0b2c226882883c0f816de5.png]
[assets.zoomcar.com/assets/car_damages/multiple_scratches2-d0dc71b088d8f36220809353bd115ebb.png]
[assets.zoomcar.com/assets/car_damages/multiple_scratches3-9d0221cb7d681d34c1b8c4cf6d311fe8.png]
[assets.zoomcar.com/assets/car_damages/major_damage1-937f871696a975b03831b9d7843a8e3c.png]
[assets.zoomcar.com/assets/car_damages/major_damage2-5a8c2ca0ba8a9de9396ea023d3f5de08.png]
[assets.zoomcar.com/assets/car_damages/major_damage3-b27e7f1c13c319b2ed7139d701794de7.png]
[assets.zoomcar.com/assets/car_damages/severe_damage1-677f2bf0609c026fa39e581c0b95a5df.png]
[assets.zoomcar.com/assets/car_damages/severe_damage2-abcea6f782a443a7a13a6002ca6d035b.png]
[assets.zoomcar.com/assets/car_damages/severe_damage3-437a9aa78b39668a9d6d3368114a6e61.png]
[www.zoomcar.com/damage_charges.html]
[www.zoomcar.com/bangalore/contactus.html]
[www.zoomcar.com/bangalore/android-app_/com.zoomcar/zoomcar/bangalore/safety.2f4.delayed]
[www.zoomcar.com/bangalore/safety.html]
[www.zoomcar.com/android-app_/com.zoomcar/zoomcar/bangalore/safety.html]
[cdn.jsdelivr.net/npm/@mdi/font@5.9.55/css/materialdesignicons.min.css]
[www.zoomcar.com/zap/subscribe/build/app-166a37cdf7d2b3365bc8.bundle.css]
[www.zoomcar.com/zap/ak.html]
[www.zoomcar.com/zap/ak-2.html]
[www.zoomcar.com/assets/career.b6b1185d8cc7a1ecc9daead7a5a52c1f.css]
[www.zoomcar.com/bangalore/faq.html]
[www.zoomcar.com/bangalore/android-app_/com.zoomcar/zoomcar/bangalore/offers]
[www.zoomcar.com/offer/rtpcr.html]
[s3-ap-southeast-1.amazonaws.com/zoomcar/images/original/49474e7b62f011085b981291f6ae5a632133d3981c09.jpg]
[www.zoomcar.com/bangalore/offers.html]
[www.zoomcar.com/bangalore/android-app_/com.zoomcar/zoomcar/bangalore/commute]
[assets.zoomcar.com/assets/header-zoomcare-4bab739adfef7374bd6b6c6b88432062.jpg]
[www.zoomcar.com/bangalore/commute.html]
[www.zoomcar.com/bangalore/location.html]
[www.zoomcar.com/pune/location.html]
[www.zoomcar.com/delhi/location.html]
[www.zoomcar.com/mumbai/location.html]
[www.zoomcar.com/chennai/location.html]
[www.zoomcar.com/hyderabad/location.html]
[www.zoomcar.com/chandigarh/location.html]
[www.zoomcar.com/kolkata/location.html]
[www.zoomcar.com/ahmedabad/location.html]
[www.zoomcar.com/coimbatore/location.html]
[www.zoomcar.com/indore/location.html]
[www.zoomcar.com/jaipur/location.html]
[www.zoomcar.com/mysore/location.html]
[www.zoomcar.com/vizag/location.html]
[www.zoomcar.com/nagpur/location.html]
[www.zoomcar.com/kochi/location.html]
[www.zoomcar.com/vijayawada/location.html]
[www.zoomcar.com/siliguri/location.html]
[www.zoomcar.com/bhopal/location.html]
[www.zoomcar.com/lucknow/location.html]
[www.zoomcar.com/guwahati/location.html]
[www.zoomcar.com/bhubaneswar/location.html]
[www.zoomcar.com/vadodara/location.html]
[www.zoomcar.com/patna/location.html]
[www.zoomcar.com/raipur/location.html]
[www.zoomcar.com/calicut/location.html]
[www.zoomcar.com/udupi/location.html]
[www.zoomcar.com/trichy/location.html]
[www.zoomcar.com/bangalore/api.zoomcar.com]
[www.zoomcar.com/bangalore/search.html]
[www.zoomcar.com/bangalore/ak.html]
[www.zoomcar.com/bangalore/ak-2.html]
[www.zoomcar.com/build/img/z_coins.79da880b0c097267c2580ec6c91fc75f.svg]
[www.zoomcar.com/build/img/supermiler-elite-logo.d846b1e222fff76dfe900d0e6cb73edc.svg]
[www.zoomcar.com/build/img/delivery.04cf9585298583c8e1057115652469d8.svg]
[www.zoomcar.com/build/img/cancellation.b748722bf1f207eab15342c3f78caa90.svg]
[assets.zoomcar.com/assets/elite-only-mobile-93365d137943264ba22684499c36f34f.png]
[www.zoomcar.com/supermiler-elite.html]
[www.zoomcar.com/car-rentals/ak.m]
[www.zoomcar.com/car-rentals/ak.t]
[i.imgur.com/BLBpNkg.png]
[s3-ap-southeast-1.amazonaws.com/zoomcar/pictures/profile/0f662e9597599e138c7ccf1b24d8467efb2c080412f6.png]
[s3-ap-southeast-1.amazonaws.com/zoomcar/pictures/profile/4053bd150645a5c3a95cc05f70b29e8f1a6b699996d8.png]
[s3-ap-southeast-1.amazonaws.com/zoomcar/pictures/profile/0eb05d62d43a04adf437a3573dcfdeecf353bf6976f7.png]
[s3-ap-southeast-1.amazonaws.com/zoomcar/pictures/profile/0dffd8cf10e84948bdef6a53b5c7ccc9be7603bbd438.png]
[s3-ap-southeast-1.amazonaws.com/zoomcar/pictures/profile/cfebf912d37e9842b089d0b6960f9ddefa5417b82ff8.png]
[s3-ap-southeast-1.amazonaws.com/zoomcar/pictures/profile/bd850dc849533f6e4363865822d7b681d4b924762256.png]
[s3-ap-southeast-1.amazonaws.com/zoomcar/pictures/profile/0604eb860747cb34603fa822d521c50c42616484c806.png]
[s3-ap-southeast-1.amazonaws.com/zoomcar/pictures/profile/3712624c53a52a5402ba934d37d54df9e38ec6a39232.png]
[s3-ap-southeast-1.amazonaws.com/zoomcar/pictures/profile/d5696aa25dc56da7a94b218a5cd7ec199e5a2fd574a5.png]
[s3-ap-southeast-1.amazonaws.com/zoomcar/pictures/profile/a4d57c4fb755ab31844302929d145164b3b3fbb641ce.jpg]
[s3-ap-southeast-1.amazonaws.com/zoomcar/pictures/profile/d5e5f3f0775c0fb551f6cd17790988fe1b6629e04ef7.png]
[s3-ap-southeast-1.amazonaws.com/zoomcar/pictures/profile/6b136910d4321fe3ae1a3aef3db15276d53433903ab2.png]
[s3-ap-southeast-1.amazonaws.com/zoomcar/pictures/profile/42a3ccc7e8935cb58f68b8da19fbc9051d3728f1b486.jpg]
[s3-ap-southeast-1.amazonaws.com/zoomcar/pictures/profile/1fcd405b48cd691eef67786691465fad0ae9c44e032a.png]
[s3-ap-southeast-1.amazonaws.com/zoomcar/pictures/profile/bc7bc35e5a5fee213e1cca28d40670a4f1da55f6d218.png]
[s3-ap-southeast-1.amazonaws.com/zoomcar/pictures/profile/6f946d2f9ba3267029391a5f30e997b3ea30f840f8bb.jpg]
[s3-ap-southeast-1.amazonaws.com/zoomcar/pictures/profile/705aca50fea371eaec5a2d054b02f0f462bc91ec46b3.png]
[s3-ap-southeast-1.amazonaws.com/zoomcar/pictures/profile/b0f835518942253f668a14cb5e86dd788b77108d415e.png]
[s3-ap-southeast-1.amazonaws.com/zoomcar/pictures/profile/d3272c11cf0e72a87de7f79276a85c87bd1cd335be60.png]
[s3-ap-southeast-1.amazonaws.com/zoomcar/pictures/profile/c3e927f712abb268b8c740252418d743461926462568.jpg]
[s3-ap-southeast-1.amazonaws.com/zoomcar/pictures/profile/0d6b1df61daa7b79f798b1d82f15b49c3895de137e15.png]
[s3-ap-southeast-1.amazonaws.com/zoomcar/pictures/profile/557cdf91ca50f7ace8aa772be828cae00d432696ddd5.png]
[s3-ap-southeast-1.amazonaws.com/zoomcar/pictures/profile/e4f0f9467f0a3963ad2317debc170d867ddeecee6b94.png]
[s3-ap-southeast-1.amazonaws.com/zoomcar/pictures/profile/6e16807a1a069eb48f0078a72c0a055f5be386eff2bc.png]
[s3-ap-southeast-1.amazonaws.com/zoomcar/pictures/profile/b1c02d21ebf3a9203476ba8a8c76286ac91bdd4a8148.png]
[s3-ap-southeast-1.amazonaws.com/zoomcar/pictures/profile/6482806675a731b4986bc45ee2777fac96ee297926dd.jpg]
[s3-ap-southeast-1.amazonaws.com/zoomcar/pictures/profile/a49ef77a9b3ba0b8f85e1a7460a52e743a0eba9d2d1a.png]
[s3-ap-southeast-1.amazonaws.com/zoomcar/pictures/profile/a8215249616a62eefe6cdcf0a27a5d7ea57fe0b2e65e.jpg]
[s3-ap-southeast-1.amazonaws.com/zoomcar/pictures/profile/dac7730c541c9e27174551282219af5c9f3ea336ae39.png]
[s3-ap-southeast-1.amazonaws.com/zoomcar/pictures/profile/3846a86a6ff725b366966a476ba75ab4eb08f3d5a231.jpg]
[s3-ap-southeast-1.amazonaws.com/zoomcar/pictures/profile/80067f8b95b2b10756ae68de0233c892ab2e9d3bdb89.png]
[s3-ap-southeast-1.amazonaws.com/zoomcar/pictures/profile/ba6d102ddbb5f8b9d843f17494ac303677cbff316b80.png]
[s3-ap-southeast-1.amazonaws.com/zoomcar/pictures/profile/e795585383c7e23aad5b55bafb2ac2aa36632bbf0a84.jpg]
[s3-ap-southeast-1.amazonaws.com/zoomcar/pictures/profile/c1b406d339c4ada718173b24a92497ad083a97848330.jpg]
[www.zoomcar.com/car-rentals/bangalore-coorg-cab-services.html]
[www.zoomcar.com/car-rentals/bangalore-irpu-falls-cab-services.html]
[www.zoomcar.com/pune/api.zoomcar.344.delayed]
[www.zoomcar.com/pune/search.html]
[www.zoomcar.com/pune/ak.html]
[www.zoomcar.com/pune/ak-2.html]
[www.zoomcar.com/car-rentals/pune-shirdi-cab-services.html]
[www.zoomcar.com/delhi/api.zoomcar.com]
[www.zoomcar.com/delhi/search.html]
[www.zoomcar.com/delhi/ak.html]
[www.zoomcar.com/delhi/ak-2.html]
[www.zoomcar.com/car-rentals/delhi-shimla-cab-services.html]
[www.zoomcar.com/car-rentals/delhi-agra-cab-services.html]
[www.zoomcar.com/car-rentals/delhi-chandigarh-cab-services.html]
[www.zoomcar.com/car-rentals/delhi-leh-cab-services.html]
[www.zoomcar.com/car-rentals/delhi-ladakh-cab-services.html]
[www.zoomcar.com/mumbai/api.zoomcar.34c.delayed]
[www.zoomcar.com/mumbai/search.html]
[www.zoomcar.com/mumbai/ak.html]
[www.zoomcar.com/mumbai/ak-2.html]
[www.zoomcar.com/car-rentals/mumbai-kolhapur-cab-services.html]
[www.zoomcar.com/car-rentals/mumbai-pune-cab-services.html]
[www.zoomcar.com/car-rentals/mumbai-lavasa-cab-services.html]
[www.zoomcar.com/chennai/api.zoomcar.350.delayed]
[www.zoomcar.com/chennai/search.html]
[www.zoomcar.com/chennai/ak.html]
[www.zoomcar.com/chennai/ak-2.html]
[www.zoomcar.com/car-rentals/Chennai-Kanchipuram-car-services.html]
[www.zoomcar.com/car-rentals/Chennai-Pondicherry-car-services.html]
[www.zoomcar.com/car-rentals/Chennai-Mahabalipuram-car-services.html]
[www.zoomcar.com/car-rentals/Chennai-vellore-car-services.html]
[www.zoomcar.com/car-rentals/Chennai-Tirupati-car-services.html]
[www.zoomcar.com/car-rentals/Chennai-vijayawada-car-services.html]
[www.zoomcar.com/hyderabad/api.zoomcar.358.delayed]
[www.zoomcar.com/hyderabad/search.html]
[www.zoomcar.com/hyderabad/ak.html]
[www.zoomcar.com/hyderabad/ak-2.html]
[www.zoomcar.com/car-rentals/hyderabad-nagarjuna-sagar-car-service]
[www.zoomcar.com/car-rentals/hyderabad-kurnool-car-service]
[www.zoomcar.com/car-rentals/hyderabad-srisailam-car-services.html]
[www.zoomcar.com/car-rentals/hyderabad-vizag-car-service.35d.delayed]
[www.zoomcar.com/car-rentals/hyderabad-vijayawada-car-services.html]
[www.zoomcar.com/chandigarh/api.zoomcar.com]
[www.zoomcar.com/chandigarh/search.html]
[www.zoomcar.com/chandigarh/ak.html]
[www.zoomcar.com/chandigarh/ak-2.html]
[www.zoomcar.com/car-rentals/Chandigarh-Kasol-car-services.html]
[www.zoomcar.com/car-rentals/Chandigarh-Manali-car-services.html]
[www.zoomcar.com/Chandigarh/taxis.362.delayed]
[www.zoomcar.com/Chandigarh/airport-taxi-service]
[www.zoomcar.com/car-rentals/Chandigarh-Manikaran-car-services.html]
[www.zoomcar.com/car-rentals/Chandigarh-Shimla-car-services.html]
[www.zoomcar.com/kolkata/api.zoomcar.com]
[www.zoomcar.com/kolkata/search.html]
[www.zoomcar.com/kolkata/ak.html]
[www.zoomcar.com/kolkata/ak-2.html]
[www.zoomcar.com/car-rentals/Kolkata-Chandipur-car-services.html]
[www.zoomcar.com/car-rentals/Kolkata-Puri-car-services.html]
[www.zoomcar.com/car-rentals/Kolkata-Darjeeling-car-services.html]
[www.zoomcar.com/car-rentals/Kolkata-Gangtok-car-services.html]
[www.zoomcar.com/car-rentals/Kolkata-Siliguri-car-services.html]
[www.zoomcar.com/ahmedabad/api.zoomcar.com]
[www.zoomcar.com/ahmedabad/search.html]
[www.zoomcar.com/ahmedabad/ak.html]
[www.zoomcar.com/ahmedabad/ak-2.html]
[www.zoomcar.com/Ahmedabad/taxis]
[www.zoomcar.com/Ahmedabad/cabs]
[www.zoomcar.com/car-rentals/Ahmedabad-Silvassa-cab-services.html]
[www.zoomcar.com/car-rentals/Ahmedabad-Udaipur-Cab-Services.html]
[www.zoomcar.com/car-rentals/Ahmedabad-Maunt-Abu-cab-services-2.html]
[www.zoomcar.com/car-rentals/Ahmedabad-Kutch-cab-services.html]
[www.zoomcar.com/car-rentals/Ahmedabad-Maunt-Abu-Cab-Services.html]
[www.zoomcar.com/car-rentals/Ahmedabad-Rann-of-Kutch-cab-services.html]
[www.zoomcar.com/coimbatore/api.zoomcar.377.delayed]
[www.zoomcar.com/coimbatore/search.html]
[www.zoomcar.com/coimbatore/ak.html]
[www.zoomcar.com/coimbatore/ak-2.html]
[www.zoomcar.com/Coimbatore/taxis]
[www.zoomcar.com/Coimbatore/cabs]
[www.zoomcar.com/car-rentals/Coimbatore-Tirupati-cab-services.html]
[www.zoomcar.com/car-rentals/Coimbatore-Ooty-cab-services.html]
[www.zoomcar.com/car-rentals/Coimbatore-Bangalore-cab-services.html]
[www.zoomcar.com/car-rentals/Coimbatore-Chennai-cab-services.html]
[www.zoomcar.com/indore/api.zoomcar.37e.delayed]
[www.zoomcar.com/indore/search.html]
[www.zoomcar.com/indore/ak.html]
[www.zoomcar.com/indore/ak-2.html]
[www.zoomcar.com/jaipur/api.zoomcar.com]
[www.zoomcar.com/jaipur/search.html]
[www.zoomcar.com/jaipur/ak.html]
[www.zoomcar.com/jaipur/ak-2.html]
[www.zoomcar.com/car-rentals/jaipur-delhi-car-services.html]
[www.zoomcar.com/Jaipur.html]
[www.zoomcar.com/Jaipur/airport-taxi-service]
[www.zoomcar.com/car-rentals/jaipur-agra-car-services.html]
[www.zoomcar.com/jaipur-delhi-car-services.html]
[www.zoomcar.com/car-rentals/jaipur-sawai-madhopur-car-services.html]
[www.zoomcar.com/car-rentals/Ludhiana-Manali-cab-services.html]
[www.zoomcar.com/car-rentals/Ludhiana-Shimla-cab-services.html]
[www.zoomcar.com/car-rentals/Ludhiana-Delhi-cab-services.html]
[www.zoomcar.com/car-rentals/Mangalore-Ooty-cab-services.html]
[www.zoomcar.com/car-rentals/Mangalore-Coorg-cab-services.html]
[www.zoomcar.com/car-rentals/Mangalore-Kannur-cab-services.html]
[www.zoomcar.com/car-rentals/bangalore-mangalore-cab-services.html]
[www.zoomcar.com/mysore/api.zoomcar.393.delayed]
[www.zoomcar.com/mysore/search.html]
[www.zoomcar.com/mysore/ak.html]
[www.zoomcar.com/mysore/ak-2.html]
[www.zoomcar.com/mysore/holidays.html]
[www.zoomcar.com/car-rentals/bangalore-mysore-cab-services.html]
[www.zoomcar.com/car-rentals/Mysore-Coorg-cab-services.html]
[www.zoomcar.com/vizag/api.zoomcar.com]
[www.zoomcar.com/vizag/search.html]
[www.zoomcar.com/vizag/ak.html]
[www.zoomcar.com/vizag/ak-2.html]
[www.zoomcar.com/vizag/holidays.html]
[www.zoomcar.com/Vizag/cabs]
[www.zoomcar.com/Vizag/taxis]
[www.zoomcar.com/car-rentals/Vizag-Vijayawada-cab-services-2.html]
[www.zoomcar.com/car-rentals/Vizag-Rajahmundry-cab-services.html]
[www.zoomcar.com/car-rentals/Vizag-Hyderabad-Cab-Services.html]
[www.zoomcar.com/car-rentals/Vizag-Vijayawada-Cab-Services.html]
[www.zoomcar.com/car-rentals/Vizag-Guntur-cab-services.html]
[www.zoomcar.com/nagpur/api.zoomcar.com]
[www.zoomcar.com/nagpur/search.html]
[www.zoomcar.com/nagpur/ak.html]
[www.zoomcar.com/nagpur/ak-2.html]
[www.zoomcar.com/nagpur/holidays.html]
[www.zoomcar.com/car-rentals/mumbai-nashik-cab-services.html]
[www.zoomcar.com/car-rentals/mumbai-nagpur-cab-services.html]
[www.zoomcar.com/car-rentals/mumbai-aurangabad-cab-services.html]
[www.zoomcar.com/kochi/api.zoomcar.com]
[www.zoomcar.com/kochi/search.html]
[www.zoomcar.com/kochi/ak.html]
[www.zoomcar.com/kochi/ak-2.html]
[www.zoomcar.com/kochi/holidays.html]
[www.zoomcar.com/Kochi/taxis]
[www.zoomcar.com/car-rentals/Kochi-Alleppey-cab-services.html]
[www.zoomcar.com/car-rentals/Kochi-Coimbatore-cab-services.html]
[www.zoomcar.com/Kochi/cabs]
[www.zoomcar.com/car-rentals/Kochi-Munnar-cab-services.html]
[www.zoomcar.com/udaipur/api.zoomcar.com]
[www.zoomcar.com/udaipur/search.html]
[www.zoomcar.com/udaipur/ak.html]
[www.zoomcar.com/udaipur/ak-2.html]
[www.zoomcar.com/Udaipur/taxis]
[www.zoomcar.com/udaipur/holidays.html]
[www.zoomcar.com/Udaipur/cabs]
[www.zoomcar.com/car-rentals/Udaipur-Chittorgarh-cab-services.html]
[www.zoomcar.com/car-rentals/Udaipur-Mount-Abu-cab-services.html]
[www.zoomcar.com/car-rentals/Udaipur-Nagda-cab-services.html]
[www.zoomcar.com/Jaipur/taxis]
[www.zoomcar.com/car-rentals/jaipur-kota-car-services.html]
[www.zoomcar.com/car-rentals/jaipur-udaipur-car-services.html]
[www.zoomcar.com/car-rentals/jaipur-ahmedabad-car-services.html]
[www.zoomcar.com/vijayawada/api.zoomcar.com]
[www.zoomcar.com/vijayawada/search.html]
[www.zoomcar.com/vijayawada/ak.html]
[www.zoomcar.com/vijayawada/ak-2.html]
[www.zoomcar.com/Vijayawada/taxis]
[www.zoomcar.com/vijayawada/holidays.html]
[www.zoomcar.com/Vijayawada/cabs]
[www.zoomcar.com/car-rentals/Vijayawada-Warangal-cab-services.html]
[www.zoomcar.com/car-rentals/Vijayawada-Hyderabad-Cab-Services.html]
[www.zoomcar.com/car-rentals/Vijayawada-Rajahmundry-cab-services.html]
[www.zoomcar.com/Surat/cabs]
[www.zoomcar.com/car-rentals/Surat-Somnath-cab-services.html]
[www.zoomcar.com/car-rentals/Surat-Pune-cab-services.html]
[www.zoomcar.com/Surat/taxis]
[www.zoomcar.com/car-rentals/Surat-Nasik-Cab-Services.html]
[www.zoomcar.com/car-rentals/Surat-Daman-cab-services.html]
[www.zoomcar.com/car-rentals/Surat-Mumbai-Cab-Services.html]
[www.zoomcar.com/car-rentals/Surat-Matheran-cab-services.html]
[www.zoomcar.com/siliguri/api.zoomcar.com]
[www.zoomcar.com/siliguri/search.html]
[www.zoomcar.com/siliguri/ak.html]
[www.zoomcar.com/siliguri/ak-2.html]
[www.zoomcar.com/siliguri/holidays.html]
[www.zoomcar.com/car-rentals/Siliguri-Darjeeling-cab-services.html]
[www.zoomcar.com/car-rentals/Siliguri-Gangtok-cab-services.html]
[www.zoomcar.com/lucknow/api.zoomcar.com]
[www.zoomcar.com/lucknow/search.html]
[www.zoomcar.com/lucknow/ak.html]
[www.zoomcar.com/lucknow/ak-2.html]
[www.zoomcar.com/guwahati/api.zoomcar.com]
[www.zoomcar.com/guwahati/search.html]
[www.zoomcar.com/guwahati/ak.html]
[www.zoomcar.com/guwahati/ak-2.html]
[www.zoomcar.com/Guwahati/taxis]
[www.zoomcar.com/guwahati/holidays.html]
[www.zoomcar.com/Guwahati/cabs]
[www.zoomcar.com/car-rentals/Guwahati-Cherrapunjee-cab-services]
[www.zoomcar.com/car-rentals/Guwahati-Kaziranga-National-Park-cab-services.html]
[www.zoomcar.com/car-rentals/Guwahati-Bongaigaon-cab-services.html]
[www.zoomcar.com/car-rentals/Guwahati-Shillong-cab-services.html]
[www.zoomcar.com/car-rentals/Guwahati-Tezpur-cab-services.html]
[www.zoomcar.com/bhubaneswar/api.zoomcar.com]
[www.zoomcar.com/bhubaneswar/search.html]
[www.zoomcar.com/bhubaneswar/ak.html]
[www.zoomcar.com/bhubaneswar/ak-2.html]
[www.zoomcar.com/bhubaneswar/holidays.html]
[www.zoomcar.com/car-rentals/Vizag-Bhubaneswar-Cab-Services.html]
[www.zoomcar.com/car-rentals/Kolkata-Bhubaneswar-car-services.html]
[www.zoomcar.com/vadodara/api.zoomcar.com]
[www.zoomcar.com/vadodara/search.html]
[www.zoomcar.com/vadodara/ak.html]
[www.zoomcar.com/vadodara/ak-2.html]
[www.zoomcar.com/bangalore/index0765.html]
[www.zoomcar.com/pune/index0765.html]
[www.zoomcar.com/delhi/index0765.html]
[www.zoomcar.com/mumbai/index0765.html]
[www.zoomcar.com/chennai/index0765.html]
[www.zoomcar.com/hyderabad/index0765.html]
[www.zoomcar.com/chandigarh/index0765.html]
[www.zoomcar.com/kolkata/index0765.html]
[www.zoomcar.com/ahmedabad/index0765.html]
[www.zoomcar.com/coimbatore/index0765.html]
[www.zoomcar.com/indore/index0765.html]
[www.zoomcar.com/jaipur/index0765.html]
[www.zoomcar.com/vizag/index0765.html]
[www.zoomcar.com/udaipur/index0765.html]
[www.zoomcar.com/lucknow/index0765.html]
[www.zoomcar.com/guwahati/index0765.html]
[www.zoomcar.com/blog/category/featured/popular-destination/ak.html]
[www.zoomcar.com/blog/category/featured/popular-destination/ak-2.html]
[www.zoomcar.com/blog/wp-json/oembed/1.0/embed055c.json]
[www.zoomcar.com/blog/wp-json/oembed/1.0/embeddeb8]
[www.zoomcar.com/blog/make-the-most-of-these-long-weekends-in-2020/feed/index.html]
[www.zoomcar.com/blog/wp-content/uploads/2018/05/CF219430.jpg]
[www.zoomcar.com/blog/wp-content/uploads/2020/02/mussouri.jpg]
[www.zoomcar.com/blog/wp-content/uploads/2020/01/goa.jpg]
[www.zoomcar.com/blog/wp-content/uploads/2020/02/mathura.jpg]
[www.zoomcar.com/blog/wp-content/uploads/2020/02/coorg.jpg]
[www.zoomcar.com/blog/wp-content/uploads/2020/03/ooty.jpg]
[www.zoomcar.com/blog/wp-content/uploads/2020/02/kodaikanal.jpg]
[www.zoomcar.com/blog/wp-content/uploads/2020/02/sakleshpur.jpg]
[www.zoomcar.com/blog/wp-content/uploads/2020/02/ZC_SDSZ_Blog-Banner_201-150x150.jpg]
[www.zoomcar.com/blog/tag/long-weekends/index.html]
[www.zoomcar.com/blog/wp-content/uploads/2020/04/Ensure-social-distancing-while-travel-with-Zoomcar-NeverStopLiving-150x150.jpg]
[www.zoomcar.com/blog/wp-content/uploads/2020/06/ZoomBlog1-270x180.jpg]
[www.zoomcar.com/blog/wp-content/uploads/2020/05/Car-Image1-270x180.jpg]
[www.zoomcar.com/blog/tag/roadtrip/index.html]
[www.zoomcar.com/blog/wp-content/uploads/2020/06/What-Makes-Zoomcar-The-Right-Travel-Partner-For-Critical-Times-270x180.jpg]
[www.zoomcar.com/blog/make-the-most-of-these-long-weekends-in-2020/index.html]
[www.zoomcar.com/blog/category/featured/feed/index.html]
[www.zoomcar.com/blog/wp-content/uploads/2018/09/OLOP_BlogCover_101.jpg]
[www.zoomcar.com/blog/wp-content/uploads/2018/08/LifeAfter5_BlogImage_101.jpg]
[www.zoomcar.com/blog/a-reminder-that-your-day-has-24-hours-liveafter5/index.html]
[www.zoomcar.com/blog/heres-what-youre-missing-out-on-if-you-dont-cycle/index.html]
[www.zoomcar.com/blog/wp-content/uploads/2018/07/E20_LP_001-09-1.jpg]
[www.zoomcar.com/blog/environment-friendly-driving-made-real-with-the-mahindra-electric-e2o-plus/index.html]
[www.zoomcar.com/blog/category/featured/index.html]
[www.zoomcar.com/blog/wp-json/oembed/1.0/embed19c4.json]
[www.zoomcar.com/blog/category/featured/page/2/index.html]
[www.zoomcar.com/blog/wp-json/oembed/1.0/embed9206]
[www.zoomcar.com/blog/6-romantic-destinations-worth-visiting-with-your-partner-this-valentines-day/feed/index.html]
[www.zoomcar.com/blog/wp-content/uploads/2020/01/agra.jpg]
[www.zoomcar.com/blog/wp-content/uploads/2020/01/udaipur.jpg]
[www.zoomcar.com/blog/wp-content/uploads/2020/01/munnar.jpg]
[www.zoomcar.com/blog/wp-content/uploads/2020/01/lonavala.jpg]
[www.zoomcar.com/blog/wp-content/uploads/2018/09/ganesh-temple-150x150.jpg]
[www.zoomcar.com/blog/tag/ganesha-chaturthi/index.html]
[www.zoomcar.com/blog/tag/ganesh-temples/index.html]
[www.zoomcar.com/blog/wp-content/uploads/2020/05/Redefine-Your-Travel-Experience-to-Make-It-Safer-270x180.jpg]
[www.zoomcar.com/blog/wp-content/uploads/2018/05/CF219430-270x180.jpg]
[www.zoomcar.com/blog/wp-content/uploads/2018/09/ganesh-temple-270x180.jpg]
[www.zoomcar.com/blog/6-romantic-destinations-worth-visiting-with-your-partner-this-valentines-day/index.html]
[www.zoomcar.com/blog/wp-json/oembed/1.0/embed0882.json]
[www.zoomcar.com/blog/roadway-to-freedom/feed/index.html]
[www.zoomcar.com/blog/wp-json/oembed/1.0/embed7e9c]
[www.zoomcar.com/blog/wp-content/uploads/2018/08/1502835245_d46ecefa67_b.jpg]
[www.zoomcar.com/blog/wp-content/uploads/2018/08/busy-rajpath-road-towards-india-gatenew-delhiindia_rpcrpxcc_thumbnail-full01.png]
[www.zoomcar.com/blog/wp-content/uploads/2018/08/33193723343_01dac3f179_h.jpg]
[www.zoomcar.com/blog/tag/independence-day/index.html]
[www.zoomcar.com/blog/wp-content/uploads/2018/08/LifeAfter5_BlogImage_101-150x150.jpg]
[www.zoomcar.com/blog/tag/independence-day-road-trip/index.html]
[www.zoomcar.com/blog/tag/travel-on-independence-day/index.html]
[www.zoomcar.com/blog/wp-content/uploads/2018/09/OLOP_BlogCover_101-150x150.jpg]
[www.zoomcar.com/blog/wp-content/uploads/2020/01/agra-270x180.jpg]
[www.zoomcar.com/blog/roadway-to-freedom/index.html]
[www.zoomcar.com/blog/wp-json/oembed/1.0/embede896.json]
[www.zoomcar.com/blog/a-road-trip-called-friendship/feed/index.html]
[www.zoomcar.com/blog/wp-json/oembed/1.0/embed73f2]
[www.zoomcar.com/blog/wp-content/uploads/2018/08/zindagi_na_milegi_dobara_ver5_xlg.jpg]
[www.zoomcar.com/blog/wp-content/uploads/2018/08/12-6fcbe416b9439f4.jpg]
[www.zoomcar.com/blog/wp-content/uploads/2018/08/finding-fanny1.jpg]
[www.zoomcar.com/blog/wp-content/uploads/2018/08/26fae8788f8c857b49d1b6b894ed23ffcff10430.jpg]
[www.zoomcar.com/blog/wp-content/uploads/2018/08/maxresdefault-2.jpg]
[www.zoomcar.com/blog/wp-content/uploads/2018/07/E20_LP_001-09-1-150x150.jpg]
[www.zoomcar.com/blog/tag/friendship-day/index.html]
[www.zoomcar.com/blog/wp-content/uploads/2018/08/ZS_M_010-11-384x220.jpg]
[www.zoomcar.com/blog/tag/friendship/index.html]
[www.zoomcar.com/blog/tag/haooy-friendship-day/index.html]
[www.zoomcar.com/blog/wp-content/uploads/2018/01/Blog-BAnner-image-384x220.jpg]
[www.zoomcar.com/blog/tag/roadtrip-called-friendship/index.html]
[www.zoomcar.com/blog/wp-content/uploads/2017/12/Jal-Mahal-Jaipur-123rf-2-1920x1080-2-384x220.jpg]
[www.zoomcar.com/blog/the-experiential-delight/index.html]
[www.zoomcar.com/blog/wp-content/uploads/2017/12/Top-3-Beach-Party-Destinations-696x399-384x220.png]
[www.zoomcar.com/blog/zoomcar-self-drive-experience-shared-by-rohan-bhargava-cashkaro-com-co-founder-and-ceo/index.html]
[www.zoomcar.com/blog/a-road-trip-called-friendship/index.html]
[www.zoomcar.com/blog/5-underrated-beach-party-destinations-in-india/index.html]
[www.zoomcar.com/blog/forts-around-pune/index.html]
[www.zoomcar.com/blog/wp-json/oembed/1.0/embedd9d7.json]
[www.zoomcar.com/blog/5-offbeat-places-to-unwind-in-bengaluru-on-a-weekday/feed/index.html]
[www.zoomcar.com/blog/wp-json/oembed/1.0/embed60d5]
[www.zoomcar.com/blog/wp-content/uploads/2018/07/WhatsApp-Image-2018-06-20-at-12.42.08-1-1.jpg]
[www.zoomcar.com/bangalore/index6330.html]
[www.zoomcar.com/blog/wp-content/uploads/2018/07/WhatsApp-Image-2018-06-20-at-12.40.05.jpg]
[www.zoomcar.com/blog/wp-content/uploads/2018/07/ZC_CEGBlogCover_101-150x150.jpg]
[www.zoomcar.com/blog/wp-content/uploads/2018/05/2-1532107973-150x150.jpg]
[www.zoomcar.com/blog/5-offbeat-places-to-unwind-in-bengaluru-on-a-weekday/index.html]
[www.zoomcar.com/blog/wp-json/oembed/1.0/embedf467.json]
[www.zoomcar.com/blog/tag/places-in-bangalore/index.html]
[www.zoomcar.com/blog/tag/bangalore-chilling-places/index.html]
[www.zoomcar.com/blog/tag/places-near-bangalore/index.html]
[www.zoomcar.com/blog/tag/places-to-go-after-office/index.html]
[www.zoomcar.com/blog/wp-json/oembed/1.0/embed68fb]
[www.zoomcar.com/blog/5-midweek-monsoon-getaways-from-pune/feed/index.html]
[www.zoomcar.com/blog/wp-content/uploads/2018/06/38073107_1507817125t.jpg]
[www.zoomcar.com/blog/wp-content/uploads/2018/06/Madhe_ghat_clear_view.jpg]
[www.zoomcar.com/blog/wp-content/uploads/2018/06/17102017_PurandarFort_01.jpg]
[www.zoomcar.com/blog/wp-content/uploads/2018/05/Madai_Market_Street-384x220.jpg]
[www.zoomcar.com/blog/5-midweek-monsoon-getaways-from-pune/index.html]
[www.zoomcar.com/blog/tag/monsoon-drive/index.html]
[www.zoomcar.com/blog/5-best-street-shopping-places-in-pune-to-shop-for-under-₹500/index.html]
[www.zoomcar.com/blog/tag/monsoon-places-near-pune/index.html]
[www.zoomcar.com/blog/tag/monsoon-gateway-from-pune/index.html]
[www.zoomcar.com/blog/tag/places-near-pune/index.html]
[www.zoomcar.com/blog/tag/rainy-drive-near-pune/index.html]
[www.zoomcar.com/blog/category/bdaia-lifestyle/feed/index.html]
[www.zoomcar.com/blog/tag/zoomcar-in-pune/index.html]
[www.zoomcar.com/blog/wp-content/uploads/2020/04/Ensure-social-distancing-while-travel-with-Zoomcar-NeverStopLiving-770x515.jpg]
[www.zoomcar.com/blog/wp-content/uploads/2020/02/ZC_SDSZ_Blog-Banner_201.jpg]
[www.zoomcar.com/blog/category/bdaia-lifestyle/index.html]
[www.zoomcar.com/blog/wp-json/oembed/1.0/embedf464.json]
[www.zoomcar.com/blog/category/bdaia-lifestyle/page/2/index.html]
[www.zoomcar.com/blog/a-smart-guide-to-go-street-shopping-in-mumbai/feed/index.html]
[www.zoomcar.com/blog/a-travellers-guide-to-shopping-in-chennai-for-under-₹500/index.html]
[www.zoomcar.com/blog/you-cannot-miss-these-street-shopping-destinations-in-delhi-shop-for-under-₹500/index.html]
[www.zoomcar.com/blog/wp-json/oembed/1.0/embed1477]
[www.zoomcar.com/blog/wp-content/uploads/2018/05/2012-12-18-19-05-45.jpg]
[www.zoomcar.com/blog/wp-content/uploads/2018/05/N0000172318.jpg]
[www.zoomcar.com/blog/wp-content/uploads/2018/05/Linking-Road_004.jpg]
[www.zoomcar.com/blog/wp-content/uploads/2018/05/8595098566_8d64b76302_o-150x150.png]
[www.zoomcar.com/blog/wp-content/uploads/2018/05/859765516_b081d994c7_o-150x150.jpg]
[www.zoomcar.com/blog/tag/mumbai-shopping-under-rs500/index.html]
[www.zoomcar.com/blog/a-smart-guide-to-go-street-shopping-in-mumbai/index.html]
[www.zoomcar.com/blog/tag/best-places-to-shop-in-mumbai/index.html]
[www.zoomcar.com/blog/wp-json/oembed/1.0/embed235c.json]
[www.zoomcar.com/blog/tag/shopping-in-mumbai/index.html]
[www.zoomcar.com/blog/8-hill-stations-you-must-visit-this-long-weekend/feed/index.html]
[www.zoomcar.com/blog/wp-json/oembed/1.0/embed369f]
[www.zoomcar.com/blog/wp-content/uploads/2018/04/Long_Weekend_BLOG_401-1024x684.jpg]
[www.zoomcar.com/blog/wp-content/uploads/2018/04/Bhullar_Lake_2.jpg]
[www.zoomcar.com/blog/wp-content/uploads/2018/04/Timber_Trail_at_Parwanoo_Himachal_Pradesh.jpg]
[www.zoomcar.com/blog/wp-content/uploads/2018/04/09.jpg]
[www.zoomcar.com/blog/wp-content/uploads/2018/04/DSC00086_Copy.JPG.jpg]
[www.zoomcar.com/blog/wp-content/uploads/2018/04/925043598s.jpg]
[www.zoomcar.com/blog/wp-content/uploads/2018/04/maxresdefault-3.jpg]
[www.zoomcar.com/blog/wp-content/uploads/2018/04/1200px-Mirik_Sumendu_Lake.jpg]
[www.zoomcar.com/blog/wp-content/uploads/2018/04/Ayodha_Hills.jpg]
[www.zoomcar.com/blog/wp-content/uploads/2018/04/ZS2_BlogBanner_104-150x150.jpg]
[www.zoomcar.com/blog/tag/long-weekend-destinations/index.html]
[www.zoomcar.com/blog/tag/places-around-bangalore/index.html]
[www.zoomcar.com/blog/8-hill-stations-you-must-visit-this-long-weekend/index.html]
[www.zoomcar.com/blog/tag/places-around-delhi/index.html]
[www.zoomcar.com/blog/tag/places-around-kolkata/index.html]
[www.zoomcar.com/blog/tag/places-around-mumbai/index.html]
[www.zoomcar.com/blog/category/east-india/feed/index.html]
[www.zoomcar.com/blog/wp-content/uploads/2018/01/Maithon_Dam.jpg]
[www.zoomcar.com/blog/wp-content/uploads/2017/11/Daringbadi685.jpg]
[www.zoomcar.com/blog/wp-content/uploads/2017/02/Mingle-move-Blog.jpg]
[www.zoomcar.com/blog/revel-in-the-winter-wonderland-of-daringbadi/index.html]
[www.zoomcar.com/blog/be-mesmerized-by-maithon-a-land-of-heritage-and-natures-beauty/index.html]
[www.zoomcar.com/blog/category/east-india/index.html]
[www.zoomcar.com/blog/wp-json/oembed/1.0/embed0165.json]
[www.zoomcar.com/blog/for-5-you-can-find-out-if-your-s-o-is-cheating-on-tinder/index.html]
[www.zoomcar.com/blog/here-are-8-weekend-getaways-around-bhopal-and-thiruvananthapuram-you-cant-miss/feed/index.html]
[www.zoomcar.com/blog/head-to-munsiyari-a-visual-delight-and-the-trekkers-paradise/index.html]
[www.zoomcar.com/blog/wp-json/oembed/1.0/embed42e0]
[www.zoomcar.com/blog/pichavaram-mangrove-disconnect-with-yourself-connect-with-nature/index.html]
[www.zoomcar.com/blog/wp-content/uploads/2018/03/Pachmarhi_valley_Madhya_Pradesh_INDIA.jpg]
